0 verbose cli /usr/local/bin/node /usr/local/bin/npm
1 info using npm@9.8.1
2 info using node@v18.18.0
3 timing npm:load:whichnode Completed in 1ms
4 timing config:load:defaults Completed in 1ms
5 timing config:load:file:/usr/local/lib/node_modules/npm/npmrc Completed in 0ms
6 timing config:load:builtin Completed in 0ms
7 timing config:load:cli Completed in 2ms
8 timing config:load:env Completed in 0ms
9 timing config:load:file:/Users/nikkamalabay/Downloads/Laundry Management System/.npmrc Completed in 0ms
10 timing config:load:project Completed in 2ms
11 timing config:load:file:/Users/nikkamalabay/.npmrc Completed in 0ms
12 timing config:load:user Completed in 0ms
13 timing config:load:file:/usr/local/etc/npmrc Completed in 0ms
14 timing config:load:global Completed in 0ms
15 timing config:load:setEnvs Completed in 1ms
16 timing config:load Completed in 6ms
17 timing npm:load:configload Completed in 6ms
18 timing config:load:flatten Completed in 1ms
19 timing npm:load:mkdirpcache Completed in 0ms
20 timing npm:load:mkdirplogs Completed in 0ms
21 verbose title npm install
22 verbose argv "install" "--cache" ".npm-cache" "--no-audit" "--no-fund"
23 timing npm:load:setTitle Completed in 1ms
24 timing npm:load:display Completed in 0ms
25 verbose logfile logs-max:10 dir:/Users/nikkamalabay/Downloads/Laundry Management System/.npm-cache/_logs/2025-10-31T13_01_10_995Z-
26 verbose logfile /Users/nikkamalabay/Downloads/Laundry Management System/.npm-cache/_logs/2025-10-31T13_01_10_995Z-debug-0.log
27 timing npm:load:logFile Completed in 5ms
28 timing npm:load:timers Completed in 0ms
29 timing npm:load:configScope Completed in 0ms
30 timing npm:load Completed in 20ms
31 timing arborist:ctor Completed in 1ms
32 silly logfile done cleaning log files
33 timing arborist:ctor Completed in 0ms
34 timing idealTree:init Completed in 7ms
35 timing idealTree:userRequests Completed in 0ms
36 silly idealTree buildDeps
37 silly fetch manifest react@^18.3.1
38 http fetch GET 200 https://registry.npmjs.org/npm 454ms (cache miss)
39 http fetch GET 200 https://registry.npmjs.org/react 596ms (cache miss)
40 silly fetch manifest react-dom@^18.3.1
41 http fetch GET 200 https://registry.npmjs.org/react-dom 1084ms (cache miss)
42 silly fetch manifest react-router-dom@^6.26.2
43 http fetch GET 200 https://registry.npmjs.org/react-router-dom 119ms (cache miss)
44 silly fetch manifest @vitejs/plugin-react@^4.3.2
45 http fetch GET 200 https://registry.npmjs.org/@vitejs%2fplugin-react 124ms (cache miss)
46 silly fetch manifest vite@^5.4.10
47 http fetch GET 200 https://registry.npmjs.org/vite 125ms (cache miss)
48 silly fetch manifest @types/node@^22.7.5
49 http fetch GET 200 https://registry.npmjs.org/@types%2fnode 218ms (cache miss)
50 silly fetch manifest less@*
51 http fetch GET 200 https://registry.npmjs.org/less 372ms (cache miss)
52 silly fetch manifest lightningcss@^1.21.0
53 http fetch GET 200 https://registry.npmjs.org/lightningcss 100ms (cache miss)
54 silly fetch manifest sass@*
55 http fetch GET 200 https://registry.npmjs.org/sass 103ms (cache miss)
56 silly fetch manifest sass-embedded@*
57 http fetch GET 200 https://registry.npmjs.org/sass-embedded 98ms (cache miss)
58 silly fetch manifest stylus@*
59 http fetch GET 200 https://registry.npmjs.org/stylus 91ms (cache miss)
60 silly fetch manifest sugarss@*
61 http fetch GET 200 https://registry.npmjs.org/sugarss 90ms (cache miss)
62 silly fetch manifest postcss@^8.3.3
63 http fetch GET 200 https://registry.npmjs.org/postcss 101ms (cache miss)
64 silly fetch manifest terser@^5.4.0
65 http fetch GET 200 https://registry.npmjs.org/terser 99ms (cache miss)
66 silly fetch manifest @types/react@^18.3.5
67 http fetch GET 200 https://registry.npmjs.org/@types%2freact 150ms (cache miss)
68 silly fetch manifest @types/react-dom@^18.3.0
69 http fetch GET 200 https://registry.npmjs.org/@types%2freact-dom 94ms (cache miss)
70 silly fetch manifest typescript@^5.6.3
71 http fetch GET 200 https://registry.npmjs.org/typescript 239ms (cache miss)
72 silly placeDep ROOT @types/node@22.18.13 OK for: laundry-management-system@0.1.0 want: ^22.7.5
73 silly fetch manifest undici-types@~6.21.0
74 silly placeDep ROOT @types/react@18.3.26 OK for: laundry-management-system@0.1.0 want: ^18.3.5
75 silly fetch manifest csstype@^3.0.2
76 silly fetch manifest @types/prop-types@*
77 silly placeDep ROOT @types/react-dom@18.3.7 OK for: laundry-management-system@0.1.0 want: ^18.3.0
78 silly placeDep ROOT @vitejs/plugin-react@4.7.0 OK for: laundry-management-system@0.1.0 want: ^4.3.2
79 silly placeDep ROOT vite@5.4.21 OK for: @vitejs/plugin-react@4.7.0 want: ^4.2.0 || ^5.0.0 || ^6.0.0 || ^7.0.0
80 silly fetch manifest @babel/core@^7.28.0
81 silly fetch manifest react-refresh@^0.17.0
82 silly fetch manifest @types/babel__core@^7.20.5
83 silly fetch manifest @rolldown/pluginutils@1.0.0-beta.27
84 silly fetch manifest @babel/plugin-transform-react-jsx-self@^7.27.1
85 silly fetch manifest @babel/plugin-transform-react-jsx-source@^7.27.1
86 silly fetch manifest rollup@^4.20.0
87 silly fetch manifest esbuild@^0.21.3
88 silly fetch manifest postcss@^8.4.43
89 silly fetch manifest fsevents@~2.3.3
90 silly placeDep ROOT react@18.3.1 OK for: laundry-management-system@0.1.0 want: ^18.3.1
91 silly fetch manifest loose-envify@^1.1.0
92 silly placeDep ROOT react-dom@18.3.1 OK for: laundry-management-system@0.1.0 want: ^18.3.1
93 silly fetch manifest scheduler@^0.23.2
94 silly placeDep ROOT react-router-dom@6.30.1 OK for: laundry-management-system@0.1.0 want: ^6.26.2
95 silly fetch manifest react-router@6.30.1
96 silly fetch manifest @remix-run/router@1.23.0
97 silly placeDep ROOT typescript@5.9.3 OK for: laundry-management-system@0.1.0 want: ^5.6.3
98 http fetch GET 200 https://registry.npmjs.org/undici-types 98ms (cache miss)
99 http fetch GET 200 https://registry.npmjs.org/csstype 110ms (cache miss)
100 http fetch GET 200 https://registry.npmjs.org/@remix-run%2frouter 204ms (cache miss)
101 http fetch GET 200 https://registry.npmjs.org/@types%2fprop-types 248ms (cache miss)
102 http fetch GET 200 https://registry.npmjs.org/@babel%2fplugin-transform-react-jsx-source 246ms (cache miss)
103 http fetch GET 200 https://registry.npmjs.org/loose-envify 262ms (cache miss)
104 http fetch GET 200 https://registry.npmjs.org/fsevents 265ms (cache miss)
105 http fetch GET 200 https://registry.npmjs.org/@babel%2fcore 271ms (cache miss)
106 http fetch GET 200 https://registry.npmjs.org/@babel%2fplugin-transform-react-jsx-self 287ms (cache miss)
107 http fetch GET 200 https://registry.npmjs.org/@types%2fbabel__core 298ms (cache miss)
108 http fetch GET 200 https://registry.npmjs.org/rollup 404ms (cache miss)
109 http fetch GET 200 https://registry.npmjs.org/react-router 426ms (cache miss)
110 http fetch GET 200 https://registry.npmjs.org/esbuild 440ms (cache miss)
111 http fetch GET 200 https://registry.npmjs.org/react-refresh 481ms (cache miss)
112 http fetch GET 200 https://registry.npmjs.org/scheduler 525ms (cache miss)
113 http fetch GET 200 https://registry.npmjs.org/@rolldown%2fpluginutils 542ms (cache miss)
114 timing idealTree:#root Completed in 4574ms
115 silly placeDep ROOT undici-types@6.21.0 OK for: @types/node@22.18.13 want: ~6.21.0
116 timing idealTree:node_modules/@types/node Completed in 1ms
117 silly placeDep ROOT @types/prop-types@15.7.15 OK for: @types/react@18.3.26 want: *
118 silly placeDep ROOT csstype@3.1.3 OK for: @types/react@18.3.26 want: ^3.0.2
119 timing idealTree:node_modules/@types/react Completed in 1ms
120 timing idealTree:node_modules/@types/prop-types Completed in 0ms
121 timing idealTree:node_modules/@types/react-dom Completed in 0ms
122 silly placeDep ROOT @babel/core@7.28.5 OK for: @vitejs/plugin-react@4.7.0 want: ^7.28.0
123 silly fetch manifest @babel/code-frame@^7.27.1
124 silly fetch manifest @babel/generator@^7.28.5
125 silly fetch manifest @babel/helper-compilation-targets@^7.27.2
126 silly fetch manifest @babel/helper-module-transforms@^7.28.3
127 silly fetch manifest @babel/helpers@^7.28.4
128 silly fetch manifest @babel/parser@^7.28.5
129 silly fetch manifest @babel/template@^7.27.2
130 silly fetch manifest @babel/traverse@^7.28.5
131 silly fetch manifest @babel/types@^7.28.5
132 silly fetch manifest @jridgewell/remapping@^2.3.5
133 silly fetch manifest convert-source-map@^2.0.0
134 silly fetch manifest debug@^4.1.0
135 silly fetch manifest gensync@^1.0.0-beta.2
136 silly fetch manifest json5@^2.2.3
137 silly fetch manifest semver@^6.3.1
138 silly placeDep ROOT @babel/plugin-transform-react-jsx-self@7.27.1 OK for: @vitejs/plugin-react@4.7.0 want: ^7.27.1
139 silly fetch manifest @babel/helper-plugin-utils@^7.27.1
140 silly placeDep ROOT @babel/plugin-transform-react-jsx-source@7.27.1 OK for: @vitejs/plugin-react@4.7.0 want: ^7.27.1
141 silly placeDep ROOT @rolldown/pluginutils@1.0.0-beta.27 OK for: @vitejs/plugin-react@4.7.0 want: 1.0.0-beta.27
142 silly placeDep ROOT @types/babel__core@7.20.5 OK for: @vitejs/plugin-react@4.7.0 want: ^7.20.5
143 silly fetch manifest @babel/types@^7.20.7
144 silly fetch manifest @babel/parser@^7.20.7
145 silly fetch manifest @types/babel__template@*
146 silly fetch manifest @types/babel__traverse@*
147 silly fetch manifest @types/babel__generator@*
148 silly placeDep ROOT react-refresh@0.17.0 OK for: @vitejs/plugin-react@4.7.0 want: ^0.17.0
149 http fetch GET 200 https://registry.npmjs.org/debug 94ms (cache miss)
150 http fetch GET 200 https://registry.npmjs.org/gensync 96ms (cache miss)
151 http fetch GET 200 https://registry.npmjs.org/json5 98ms (cache miss)
152 http fetch GET 200 https://registry.npmjs.org/convert-source-map 101ms (cache miss)
153 http fetch GET 200 https://registry.npmjs.org/semver 104ms (cache miss)
154 http fetch GET 200 https://registry.npmjs.org/@babel%2fcode-frame 123ms (cache miss)
155 http fetch GET 200 https://registry.npmjs.org/@babel%2fhelper-compilation-targets 125ms (cache miss)
156 http fetch GET 200 https://registry.npmjs.org/@babel%2ftemplate 127ms (cache miss)
157 http fetch GET 200 https://registry.npmjs.org/@babel%2ftraverse 140ms (cache miss)
158 http fetch GET 200 https://registry.npmjs.org/@babel%2ftypes 154ms (cache miss)
159 http fetch GET 200 https://registry.npmjs.org/@babel%2fgenerator 158ms (cache miss)
160 http fetch GET 200 https://registry.npmjs.org/@babel%2fhelper-module-transforms 159ms (cache miss)
161 http fetch GET 200 https://registry.npmjs.org/@babel%2fhelpers 161ms (cache miss)
162 http fetch GET 200 https://registry.npmjs.org/@babel%2fparser 166ms (cache miss)
163 http fetch GET 200 https://registry.npmjs.org/@jridgewell%2fremapping 166ms (cache miss)
164 http fetch GET 200 https://registry.npmjs.org/@types%2fbabel__template 193ms (cache miss)
165 http fetch GET 200 https://registry.npmjs.org/@types%2fbabel__traverse 199ms (cache miss)
166 http fetch GET 200 https://registry.npmjs.org/@types%2fbabel__generator 203ms (cache miss)
167 http fetch GET 200 https://registry.npmjs.org/@babel%2ftypes 207ms (cache miss)
168 http fetch GET 200 https://registry.npmjs.org/@babel%2fparser 212ms (cache miss)
169 http fetch GET 200 https://registry.npmjs.org/@babel%2fhelper-plugin-utils 1316ms (cache miss)
170 timing idealTree:node_modules/@vitejs/plugin-react Completed in 1324ms
171 silly fetch manifest @babel/core@^7.0.0
172 silly placeDep ROOT @babel/code-frame@7.27.1 OK for: @babel/core@7.28.5 want: ^7.27.1
173 silly fetch manifest js-tokens@^4.0.0
174 silly fetch manifest picocolors@^1.1.1
175 silly fetch manifest @babel/helper-validator-identifier@^7.27.1
176 silly placeDep ROOT @babel/generator@7.28.5 OK for: @babel/core@7.28.5 want: ^7.28.5
177 silly fetch manifest @jridgewell/gen-mapping@^0.3.12
178 silly fetch manifest @jridgewell/trace-mapping@^0.3.28
179 silly fetch manifest jsesc@^3.0.2
180 silly placeDep ROOT @babel/helper-compilation-targets@7.27.2 OK for: @babel/core@7.28.5 want: ^7.27.2
181 silly fetch manifest lru-cache@^5.1.1
182 silly fetch manifest browserslist@^4.24.0
183 silly fetch manifest @babel/compat-data@^7.27.2
184 silly fetch manifest @babel/helper-validator-option@^7.27.1
185 silly placeDep ROOT @babel/helper-module-transforms@7.28.3 OK for: @babel/core@7.28.5 want: ^7.28.3
186 silly fetch manifest @babel/traverse@^7.28.3
187 silly fetch manifest @babel/helper-module-imports@^7.27.1
188 silly placeDep ROOT @babel/helpers@7.28.4 OK for: @babel/core@7.28.5 want: ^7.28.4
189 silly fetch manifest @babel/types@^7.28.4
190 silly placeDep ROOT @babel/parser@7.28.5 OK for: @babel/core@7.28.5 want: ^7.28.5
191 silly placeDep ROOT @babel/template@7.27.2 OK for: @babel/core@7.28.5 want: ^7.27.2
192 silly fetch manifest @babel/types@^7.27.1
193 silly placeDep ROOT @babel/traverse@7.28.5 OK for: @babel/core@7.28.5 want: ^7.28.5
194 silly fetch manifest @babel/helper-globals@^7.28.0
195 silly fetch manifest debug@^4.3.1
196 silly placeDep ROOT @babel/types@7.28.5 OK for: @babel/core@7.28.5 want: ^7.28.5
197 silly fetch manifest @babel/helper-string-parser@^7.27.1
198 silly fetch manifest @babel/helper-validator-identifier@^7.28.5
199 silly placeDep ROOT @jridgewell/remapping@2.3.5 OK for: @babel/core@7.28.5 want: ^2.3.5
200 silly fetch manifest @jridgewell/gen-mapping@^0.3.5
201 silly fetch manifest @jridgewell/trace-mapping@^0.3.24
202 silly placeDep ROOT convert-source-map@2.0.0 OK for: @babel/core@7.28.5 want: ^2.0.0
203 silly placeDep ROOT debug@4.4.3 OK for: @babel/core@7.28.5 want: ^4.1.0
204 silly fetch manifest ms@^2.1.3
205 silly placeDep ROOT gensync@1.0.0-beta.2 OK for: @babel/core@7.28.5 want: ^1.0.0-beta.2
206 silly placeDep ROOT json5@2.2.3 OK for: @babel/core@7.28.5 want: ^2.2.3
207 silly placeDep ROOT semver@6.3.1 OK for: @babel/core@7.28.5 want: ^6.3.1
208 http fetch GET 200 https://registry.npmjs.org/js-tokens 116ms (cache miss)
209 http fetch GET 200 https://registry.npmjs.org/jsesc 113ms (cache miss)
210 http fetch GET 200 https://registry.npmjs.org/@babel%2fhelper-validator-option 111ms (cache miss)
211 http fetch GET 200 https://registry.npmjs.org/picocolors 133ms (cache miss)
212 http fetch GET 200 https://registry.npmjs.org/lru-cache 129ms (cache miss)
213 http fetch GET 200 https://registry.npmjs.org/@jridgewell%2ftrace-mapping 132ms (cache miss)
214 http fetch GET 200 https://registry.npmjs.org/@jridgewell%2fgen-mapping 134ms (cache miss)
215 http fetch GET 200 https://registry.npmjs.org/@babel%2fhelper-globals 126ms (cache miss)
216 http fetch GET 200 https://registry.npmjs.org/@babel%2fhelper-module-imports 132ms (cache miss)
217 http fetch GET 200 https://registry.npmjs.org/@babel%2fhelper-validator-identifier 125ms (cache miss)
218 http fetch GET 200 https://registry.npmjs.org/@babel%2fhelper-validator-identifier 142ms (cache miss)
219 http fetch GET 200 https://registry.npmjs.org/@jridgewell%2fgen-mapping 126ms (cache miss)
220 http fetch GET 200 https://registry.npmjs.org/@babel%2fcompat-data 139ms (cache miss)
221 http fetch GET 200 https://registry.npmjs.org/@babel%2fhelper-string-parser 129ms (cache miss)
222 http fetch GET 200 https://registry.npmjs.org/browserslist 144ms (cache miss)
223 http fetch GET 200 https://registry.npmjs.org/ms 168ms (cache miss)
224 http fetch GET 200 https://registry.npmjs.org/@jridgewell%2ftrace-mapping 193ms (cache miss)
225 timing idealTree:node_modules/@babel/core Completed in 221ms
226 silly placeDep ROOT @babel/helper-validator-identifier@7.28.5 OK for: @babel/code-frame@7.27.1 want: ^7.27.1
227 silly placeDep ROOT js-tokens@4.0.0 OK for: @babel/code-frame@7.27.1 want: ^4.0.0
228 silly placeDep ROOT picocolors@1.1.1 OK for: @babel/code-frame@7.27.1 want: ^1.1.1
229 timing idealTree:node_modules/@babel/code-frame Completed in 2ms
230 silly placeDep ROOT @jridgewell/gen-mapping@0.3.13 OK for: @babel/generator@7.28.5 want: ^0.3.12
231 silly fetch manifest @jridgewell/sourcemap-codec@^1.5.0
232 silly placeDep ROOT @jridgewell/trace-mapping@0.3.31 OK for: @babel/generator@7.28.5 want: ^0.3.28
233 silly fetch manifest @jridgewell/resolve-uri@^3.1.0
234 silly fetch manifest @jridgewell/sourcemap-codec@^1.4.14
235 silly placeDep ROOT jsesc@3.1.0 OK for: @babel/generator@7.28.5 want: ^3.0.2
236 http fetch GET 200 https://registry.npmjs.org/@jridgewell%2fsourcemap-codec 109ms (cache miss)
237 http fetch GET 200 https://registry.npmjs.org/@jridgewell%2fresolve-uri 109ms (cache miss)
238 http fetch GET 200 https://registry.npmjs.org/@jridgewell%2fsourcemap-codec 111ms (cache miss)
239 timing idealTree:node_modules/@babel/generator Completed in 114ms
240 silly placeDep ROOT @babel/compat-data@7.28.5 OK for: @babel/helper-compilation-targets@7.27.2 want: ^7.27.2
241 silly placeDep ROOT @babel/helper-validator-option@7.27.1 OK for: @babel/helper-compilation-targets@7.27.2 want: ^7.27.1
242 silly placeDep ROOT browserslist@4.27.0 OK for: @babel/helper-compilation-targets@7.27.2 want: ^4.24.0
243 silly fetch manifest baseline-browser-mapping@^2.8.19
244 silly fetch manifest caniuse-lite@^1.0.30001751
245 silly fetch manifest electron-to-chromium@^1.5.238
246 silly fetch manifest node-releases@^2.0.26
247 silly fetch manifest update-browserslist-db@^1.1.4
248 silly placeDep ROOT lru-cache@5.1.1 OK for: @babel/helper-compilation-targets@7.27.2 want: ^5.1.1
249 silly fetch manifest yallist@^3.0.2
250 http fetch GET 200 https://registry.npmjs.org/yallist 97ms (cache miss)
251 http fetch GET 200 https://registry.npmjs.org/baseline-browser-mapping 110ms (cache miss)
252 http fetch GET 200 https://registry.npmjs.org/update-browserslist-db 110ms (cache miss)
253 http fetch GET 200 https://registry.npmjs.org/node-releases 124ms (cache miss)
254 http fetch GET 200 https://registry.npmjs.org/caniuse-lite 253ms (cache miss)
255 http fetch GET 200 https://registry.npmjs.org/electron-to-chromium 295ms (cache miss)
256 timing idealTree:node_modules/@babel/helper-compilation-targets Completed in 309ms
257 timing idealTree:node_modules/@babel/compat-data Completed in 0ms
258 silly placeDep ROOT @babel/helper-module-imports@7.27.1 OK for: @babel/helper-module-transforms@7.28.3 want: ^7.27.1
259 timing idealTree:node_modules/@babel/helper-module-transforms Completed in 1ms
260 timing idealTree:node_modules/@babel/helper-module-imports Completed in 0ms
261 timing idealTree:node_modules/@babel/helper-validator-identifier Completed in 0ms
262 timing idealTree:node_modules/@babel/helper-validator-option Completed in 0ms
263 timing idealTree:node_modules/@babel/helpers Completed in 0ms
264 timing idealTree:node_modules/@babel/parser Completed in 0ms
265 silly placeDep ROOT @babel/helper-plugin-utils@7.27.1 OK for: @babel/plugin-transform-react-jsx-self@7.27.1 want: ^7.27.1
266 timing idealTree:node_modules/@babel/plugin-transform-react-jsx-self Completed in 1ms
267 timing idealTree:node_modules/@babel/helper-plugin-utils Completed in 0ms
268 timing idealTree:node_modules/@babel/plugin-transform-react-jsx-source Completed in 0ms
269 timing idealTree:node_modules/@babel/template Completed in 0ms
270 silly placeDep ROOT @babel/helper-globals@7.28.0 OK for: @babel/traverse@7.28.5 want: ^7.28.0
271 timing idealTree:node_modules/@babel/traverse Completed in 1ms
272 timing idealTree:node_modules/@babel/helper-globals Completed in 0ms
273 silly placeDep ROOT @babel/helper-string-parser@7.27.1 OK for: @babel/types@7.28.5 want: ^7.27.1
274 timing idealTree:node_modules/@babel/types Completed in 0ms
275 timing idealTree:node_modules/@babel/helper-string-parser Completed in 0ms
276 silly placeDep ROOT @jridgewell/sourcemap-codec@1.5.5 OK for: @jridgewell/gen-mapping@0.3.13 want: ^1.5.0
277 timing idealTree:node_modules/@jridgewell/gen-mapping Completed in 1ms
278 timing idealTree:node_modules/@jridgewell/remapping Completed in 0ms
279 timing idealTree:node_modules/@jridgewell/sourcemap-codec Completed in 0ms
280 silly placeDep ROOT @jridgewell/resolve-uri@3.1.2 OK for: @jridgewell/trace-mapping@0.3.31 want: ^3.1.0
281 timing idealTree:node_modules/@jridgewell/trace-mapping Completed in 0ms
282 timing idealTree:node_modules/@jridgewell/resolve-uri Completed in 0ms
283 timing idealTree:node_modules/@rolldown/pluginutils Completed in 0ms
284 silly placeDep ROOT @types/babel__generator@7.27.0 OK for: @types/babel__core@7.20.5 want: *
285 silly placeDep ROOT @types/babel__template@7.4.4 OK for: @types/babel__core@7.20.5 want: *
286 silly placeDep ROOT @types/babel__traverse@7.28.0 OK for: @types/babel__core@7.20.5 want: *
287 timing idealTree:node_modules/@types/babel__core Completed in 2ms
288 timing idealTree:node_modules/@types/babel__generator Completed in 0ms
289 timing idealTree:node_modules/@types/babel__template Completed in 0ms
290 timing idealTree:node_modules/@types/babel__traverse Completed in 0ms
291 silly fetch manifest browserslist@>= 4.21.0
292 silly placeDep ROOT baseline-browser-mapping@2.8.21 OK for: browserslist@4.27.0 want: ^2.8.19
293 silly placeDep ROOT caniuse-lite@1.0.30001752 OK for: browserslist@4.27.0 want: ^1.0.30001751
294 silly placeDep ROOT electron-to-chromium@1.5.244 OK for: browserslist@4.27.0 want: ^1.5.238
295 silly placeDep ROOT node-releases@2.0.27 OK for: browserslist@4.27.0 want: ^2.0.26
296 silly placeDep ROOT update-browserslist-db@1.1.4 OK for: browserslist@4.27.0 want: ^1.1.4
297 silly fetch manifest escalade@^3.2.0
298 http fetch GET 200 https://registry.npmjs.org/escalade 87ms (cache miss)
299 timing idealTree:node_modules/browserslist Completed in 91ms
300 timing idealTree:node_modules/baseline-browser-mapping Completed in 0ms
301 timing idealTree:node_modules/caniuse-lite Completed in 0ms
302 timing idealTree:node_modules/convert-source-map Completed in 0ms
303 timing idealTree:node_modules/csstype Completed in 0ms
304 silly placeDep ROOT ms@2.1.3 OK for: debug@4.4.3 want: ^2.1.3
305 timing idealTree:node_modules/debug Completed in 1ms
306 timing idealTree:node_modules/electron-to-chromium Completed in 0ms
307 timing idealTree:node_modules/gensync Completed in 0ms
308 timing idealTree:node_modules/js-tokens Completed in 0ms
309 timing idealTree:node_modules/jsesc Completed in 0ms
310 timing idealTree:node_modules/json5 Completed in 0ms
311 silly placeDep ROOT yallist@3.1.1 OK for: lru-cache@5.1.1 want: ^3.0.2
312 timing idealTree:node_modules/lru-cache Completed in 0ms
313 timing idealTree:node_modules/ms Completed in 0ms
314 timing idealTree:node_modules/node-releases Completed in 0ms
315 timing idealTree:node_modules/picocolors Completed in 0ms
316 silly placeDep ROOT loose-envify@1.4.0 OK for: react@18.3.1 want: ^1.1.0
317 timing idealTree:node_modules/react Completed in 1ms
318 timing idealTree:node_modules/loose-envify Completed in 0ms
319 silly placeDep ROOT scheduler@0.23.2 OK for: react-dom@18.3.1 want: ^0.23.2
320 timing idealTree:node_modules/react-dom Completed in 1ms
321 timing idealTree:node_modules/react-refresh Completed in 0ms
322 silly fetch manifest react@>=16.8
323 silly placeDep ROOT @remix-run/router@1.23.0 OK for: react-router-dom@6.30.1 want: 1.23.0
324 silly placeDep ROOT react-router@6.30.1 OK for: react-router-dom@6.30.1 want: 6.30.1
325 timing idealTree:node_modules/react-router-dom Completed in 1ms
326 timing idealTree:node_modules/@remix-run/router Completed in 0ms
327 timing idealTree:node_modules/react-router Completed in 0ms
328 timing idealTree:node_modules/scheduler Completed in 0ms
329 timing idealTree:node_modules/semver Completed in 0ms
330 timing idealTree:node_modules/typescript Completed in 0ms
331 timing idealTree:node_modules/undici-types Completed in 0ms
332 silly placeDep ROOT escalade@3.2.0 OK for: update-browserslist-db@1.1.4 want: ^3.2.0
333 timing idealTree:node_modules/update-browserslist-db Completed in 0ms
334 timing idealTree:node_modules/escalade Completed in 0ms
335 silly placeDep ROOT esbuild@0.21.5 OK for: vite@5.4.21 want: ^0.21.3
336 silly fetch manifest @esbuild/aix-ppc64@0.21.5
337 silly fetch manifest @esbuild/linux-arm@0.21.5
338 silly fetch manifest @esbuild/linux-x64@0.21.5
339 silly fetch manifest @esbuild/sunos-x64@0.21.5
340 silly fetch manifest @esbuild/win32-x64@0.21.5
341 silly fetch manifest @esbuild/darwin-x64@0.21.5
342 silly fetch manifest @esbuild/linux-ia32@0.21.5
343 silly fetch manifest @esbuild/netbsd-x64@0.21.5
344 silly fetch manifest @esbuild/win32-ia32@0.21.5
345 silly fetch manifest @esbuild/android-arm@0.21.5
346 silly fetch manifest @esbuild/android-x64@0.21.5
347 silly fetch manifest @esbuild/freebsd-x64@0.21.5
348 silly fetch manifest @esbuild/linux-arm64@0.21.5
349 silly fetch manifest @esbuild/linux-ppc64@0.21.5
350 silly fetch manifest @esbuild/linux-s390x@0.21.5
351 silly fetch manifest @esbuild/openbsd-x64@0.21.5
352 silly fetch manifest @esbuild/win32-arm64@0.21.5
353 silly fetch manifest @esbuild/darwin-arm64@0.21.5
354 silly fetch manifest @esbuild/android-arm64@0.21.5
355 silly fetch manifest @esbuild/freebsd-arm64@0.21.5
356 silly fetch manifest @esbuild/linux-loong64@0.21.5
357 silly fetch manifest @esbuild/linux-riscv64@0.21.5
358 silly fetch manifest @esbuild/linux-mips64el@0.21.5
359 silly placeDep ROOT fsevents@2.3.3 OK for: vite@5.4.21 want: ~2.3.3
360 silly placeDep ROOT postcss@8.5.6 OK for: vite@5.4.21 want: ^8.4.43
361 silly fetch manifest nanoid@^3.3.11
362 silly fetch manifest source-map-js@^1.2.1
363 silly placeDep ROOT rollup@4.52.5 OK for: vite@5.4.21 want: ^4.20.0
364 silly fetch manifest @types/estree@1.0.8
365 silly fetch manifest @rollup/rollup-darwin-arm64@4.52.5
366 silly fetch manifest @rollup/rollup-android-arm64@4.52.5
367 silly fetch manifest @rollup/rollup-win32-arm64-msvc@4.52.5
368 silly fetch manifest @rollup/rollup-freebsd-arm64@4.52.5
369 silly fetch manifest @rollup/rollup-linux-arm64-gnu@4.52.5
370 silly fetch manifest @rollup/rollup-linux-arm64-musl@4.52.5
371 silly fetch manifest @rollup/rollup-android-arm-eabi@4.52.5
372 silly fetch manifest @rollup/rollup-linux-arm-gnueabihf@4.52.5
373 silly fetch manifest @rollup/rollup-linux-arm-musleabihf@4.52.5
374 silly fetch manifest @rollup/rollup-win32-ia32-msvc@4.52.5
375 silly fetch manifest @rollup/rollup-linux-loong64-gnu@4.52.5
376 silly fetch manifest @rollup/rollup-linux-riscv64-gnu@4.52.5
377 silly fetch manifest @rollup/rollup-linux-riscv64-musl@4.52.5
378 silly fetch manifest @rollup/rollup-linux-ppc64-gnu@4.52.5
379 silly fetch manifest @rollup/rollup-linux-s390x-gnu@4.52.5
380 silly fetch manifest @rollup/rollup-darwin-x64@4.52.5
381 silly fetch manifest @rollup/rollup-win32-x64-gnu@4.52.5
382 silly fetch manifest @rollup/rollup-win32-x64-msvc@4.52.5
383 silly fetch manifest @rollup/rollup-freebsd-x64@4.52.5
384 silly fetch manifest @rollup/rollup-linux-x64-gnu@4.52.5
385 silly fetch manifest @rollup/rollup-linux-x64-musl@4.52.5
386 silly fetch manifest @rollup/rollup-openharmony-arm64@4.52.5
387 http fetch GET 200 https://registry.npmjs.org/@esbuild%2fdarwin-x64 125ms (cache miss)
388 http fetch GET 200 https://registry.npmjs.org/@esbuild%2flinux-ppc64 125ms (cache miss)
389 http fetch GET 200 https://registry.npmjs.org/@esbuild%2fsunos-x64 134ms (cache miss)
390 http fetch GET 200 https://registry.npmjs.org/@esbuild%2flinux-x64 139ms (cache miss)
391 http fetch GET 200 https://registry.npmjs.org/@esbuild%2ffreebsd-x64 137ms (cache miss)
392 http fetch GET 200 https://registry.npmjs.org/@esbuild%2flinux-ia32 140ms (cache miss)
393 http fetch GET 200 https://registry.npmjs.org/@esbuild%2fnetbsd-x64 142ms (cache miss)
394 http fetch GET 200 https://registry.npmjs.org/@esbuild%2fandroid-arm 148ms (cache miss)
395 http fetch GET 200 https://registry.npmjs.org/@esbuild%2fwin32-ia32 150ms (cache miss)
396 http fetch GET 200 https://registry.npmjs.org/@esbuild%2flinux-arm64 151ms (cache miss)
397 http fetch GET 200 https://registry.npmjs.org/@esbuild%2fwin32-arm64 234ms (cache miss)
398 http fetch GET 200 https://registry.npmjs.org/@esbuild%2fopenbsd-x64 239ms (cache miss)
399 http fetch GET 200 https://registry.npmjs.org/nanoid 239ms (cache miss)
400 http fetch GET 200 https://registry.npmjs.org/@esbuild%2fdarwin-arm64 247ms (cache miss)
401 http fetch GET 200 https://registry.npmjs.org/@esbuild%2fandroid-arm64 249ms (cache miss)
402 http fetch GET 200 https://registry.npmjs.org/@esbuild%2flinux-loong64 252ms (cache miss)
403 http fetch GET 200 https://registry.npmjs.org/@esbuild%2ffreebsd-arm64 259ms (cache miss)
404 http fetch GET 200 https://registry.npmjs.org/@esbuild%2flinux-mips64el 262ms (cache miss)
405 http fetch GET 200 https://registry.npmjs.org/source-map-js 266ms (cache miss)
406 http fetch GET 200 https://registry.npmjs.org/@esbuild%2fandroid-x64 331ms (cache miss)
407 http fetch GET 200 https://registry.npmjs.org/@esbuild%2flinux-arm 346ms (cache miss)
408 http fetch GET 200 https://registry.npmjs.org/@esbuild%2faix-ppc64 350ms (cache miss)
409 http fetch GET 200 https://registry.npmjs.org/@types%2festree 345ms (cache miss)
410 http fetch GET 200 https://registry.npmjs.org/@rollup%2frollup-darwin-arm64 347ms (cache miss)
411 http fetch GET 200 https://registry.npmjs.org/@esbuild%2fwin32-x64 356ms (cache miss)
412 http fetch GET 200 https://registry.npmjs.org/@rollup%2frollup-android-arm64 352ms (cache miss)
413 http fetch GET 200 https://registry.npmjs.org/@rollup%2frollup-win32-arm64-msvc 353ms (cache miss)
414 http fetch GET 200 https://registry.npmjs.org/@rollup%2frollup-freebsd-arm64 357ms (cache miss)
415 http fetch GET 200 https://registry.npmjs.org/@rollup%2frollup-android-arm-eabi 362ms (cache miss)
416 http fetch GET 200 https://registry.npmjs.org/@rollup%2frollup-linux-arm64-gnu 364ms (cache miss)
417 http fetch GET 200 https://registry.npmjs.org/@esbuild%2flinux-s390x 372ms (cache miss)
418 http fetch GET 200 https://registry.npmjs.org/@rollup%2frollup-linux-arm-gnueabihf 385ms (cache miss)
419 http fetch GET 200 https://registry.npmjs.org/@rollup%2frollup-linux-arm64-musl 395ms (cache miss)
420 http fetch GET 200 https://registry.npmjs.org/@rollup%2frollup-linux-arm-musleabihf 441ms (cache miss)
421 http fetch GET 200 https://registry.npmjs.org/@rollup%2frollup-linux-loong64-gnu 441ms (cache miss)
422 http fetch GET 200 https://registry.npmjs.org/@rollup%2frollup-linux-riscv64-musl 444ms (cache miss)
423 http fetch GET 200 https://registry.npmjs.org/@rollup%2frollup-linux-riscv64-gnu 448ms (cache miss)
424 http fetch GET 200 https://registry.npmjs.org/@esbuild%2flinux-riscv64 461ms (cache miss)
425 http fetch GET 200 https://registry.npmjs.org/@rollup%2frollup-freebsd-x64 460ms (cache miss)
426 http fetch GET 200 https://registry.npmjs.org/@rollup%2frollup-win32-x64-gnu 461ms (cache miss)
427 http fetch GET 200 https://registry.npmjs.org/@rollup%2frollup-darwin-x64 461ms (cache miss)
428 http fetch GET 200 https://registry.npmjs.org/@rollup%2frollup-win32-ia32-msvc 470ms (cache miss)
429 http fetch GET 200 https://registry.npmjs.org/@rollup%2frollup-win32-x64-msvc 473ms (cache miss)
430 http fetch GET 200 https://registry.npmjs.org/@rollup%2frollup-linux-ppc64-gnu 477ms (cache miss)
431 http fetch GET 200 https://registry.npmjs.org/@rollup%2frollup-linux-s390x-gnu 478ms (cache miss)
432 http fetch GET 200 https://registry.npmjs.org/@rollup%2frollup-linux-x64-musl 481ms (cache miss)
433 http fetch GET 200 https://registry.npmjs.org/@rollup%2frollup-openharmony-arm64 494ms (cache miss)
434 http fetch GET 200 https://registry.npmjs.org/@rollup%2frollup-linux-x64-gnu 503ms (cache miss)
435 timing idealTree:node_modules/vite Completed in 518ms
436 silly placeDep ROOT @esbuild/aix-ppc64@0.21.5 OK for: esbuild@0.21.5 want: 0.21.5
437 silly placeDep ROOT @esbuild/android-arm@0.21.5 OK for: esbuild@0.21.5 want: 0.21.5
438 silly placeDep ROOT @esbuild/android-arm64@0.21.5 OK for: esbuild@0.21.5 want: 0.21.5
439 silly placeDep ROOT @esbuild/android-x64@0.21.5 OK for: esbuild@0.21.5 want: 0.21.5
440 silly placeDep ROOT @esbuild/darwin-arm64@0.21.5 OK for: esbuild@0.21.5 want: 0.21.5
441 silly placeDep ROOT @esbuild/darwin-x64@0.21.5 OK for: esbuild@0.21.5 want: 0.21.5
442 silly placeDep ROOT @esbuild/freebsd-arm64@0.21.5 OK for: esbuild@0.21.5 want: 0.21.5
443 silly placeDep ROOT @esbuild/freebsd-x64@0.21.5 OK for: esbuild@0.21.5 want: 0.21.5
444 silly placeDep ROOT @esbuild/linux-arm@0.21.5 OK for: esbuild@0.21.5 want: 0.21.5
445 silly placeDep ROOT @esbuild/linux-arm64@0.21.5 OK for: esbuild@0.21.5 want: 0.21.5
446 silly placeDep ROOT @esbuild/linux-ia32@0.21.5 OK for: esbuild@0.21.5 want: 0.21.5
447 silly placeDep ROOT @esbuild/linux-loong64@0.21.5 OK for: esbuild@0.21.5 want: 0.21.5
448 silly placeDep ROOT @esbuild/linux-mips64el@0.21.5 OK for: esbuild@0.21.5 want: 0.21.5
449 silly placeDep ROOT @esbuild/linux-ppc64@0.21.5 OK for: esbuild@0.21.5 want: 0.21.5
450 silly placeDep ROOT @esbuild/linux-riscv64@0.21.5 OK for: esbuild@0.21.5 want: 0.21.5
451 silly placeDep ROOT @esbuild/linux-s390x@0.21.5 OK for: esbuild@0.21.5 want: 0.21.5
452 silly placeDep ROOT @esbuild/linux-x64@0.21.5 OK for: esbuild@0.21.5 want: 0.21.5
453 silly placeDep ROOT @esbuild/netbsd-x64@0.21.5 OK for: esbuild@0.21.5 want: 0.21.5
454 silly placeDep ROOT @esbuild/openbsd-x64@0.21.5 OK for: esbuild@0.21.5 want: 0.21.5
455 silly placeDep ROOT @esbuild/sunos-x64@0.21.5 OK for: esbuild@0.21.5 want: 0.21.5
456 silly placeDep ROOT @esbuild/win32-arm64@0.21.5 OK for: esbuild@0.21.5 want: 0.21.5
457 silly placeDep ROOT @esbuild/win32-ia32@0.21.5 OK for: esbuild@0.21.5 want: 0.21.5
458 silly placeDep ROOT @esbuild/win32-x64@0.21.5 OK for: esbuild@0.21.5 want: 0.21.5
459 timing idealTree:node_modules/esbuild Completed in 7ms
460 timing idealTree:node_modules/@esbuild/aix-ppc64 Completed in 0ms
461 timing idealTree:node_modules/@esbuild/android-arm Completed in 0ms
462 timing idealTree:node_modules/@esbuild/android-arm64 Completed in 0ms
463 timing idealTree:node_modules/@esbuild/android-x64 Completed in 0ms
464 timing idealTree:node_modules/@esbuild/darwin-arm64 Completed in 0ms
465 timing idealTree:node_modules/@esbuild/darwin-x64 Completed in 0ms
466 timing idealTree:node_modules/@esbuild/freebsd-arm64 Completed in 0ms
467 timing idealTree:node_modules/@esbuild/freebsd-x64 Completed in 0ms
468 timing idealTree:node_modules/@esbuild/linux-arm Completed in 0ms
469 timing idealTree:node_modules/@esbuild/linux-arm64 Completed in 0ms
470 timing idealTree:node_modules/@esbuild/linux-ia32 Completed in 0ms
471 timing idealTree:node_modules/@esbuild/linux-loong64 Completed in 0ms
472 timing idealTree:node_modules/@esbuild/linux-mips64el Completed in 0ms
473 timing idealTree:node_modules/@esbuild/linux-ppc64 Completed in 0ms
474 timing idealTree:node_modules/@esbuild/linux-riscv64 Completed in 0ms
475 timing idealTree:node_modules/@esbuild/linux-s390x Completed in 0ms
476 timing idealTree:node_modules/@esbuild/linux-x64 Completed in 0ms
477 timing idealTree:node_modules/@esbuild/netbsd-x64 Completed in 0ms
478 timing idealTree:node_modules/@esbuild/openbsd-x64 Completed in 0ms
479 timing idealTree:node_modules/@esbuild/sunos-x64 Completed in 0ms
480 timing idealTree:node_modules/@esbuild/win32-arm64 Completed in 0ms
481 timing idealTree:node_modules/@esbuild/win32-ia32 Completed in 0ms
482 timing idealTree:node_modules/@esbuild/win32-x64 Completed in 0ms
483 timing idealTree:node_modules/fsevents Completed in 0ms
484 silly placeDep ROOT nanoid@3.3.11 OK for: postcss@8.5.6 want: ^3.3.11
485 silly placeDep ROOT source-map-js@1.2.1 OK for: postcss@8.5.6 want: ^1.2.1
486 timing idealTree:node_modules/postcss Completed in 1ms
487 timing idealTree:node_modules/nanoid Completed in 0ms
488 silly placeDep ROOT @rollup/rollup-android-arm-eabi@4.52.5 OK for: rollup@4.52.5 want: 4.52.5
489 silly placeDep ROOT @rollup/rollup-android-arm64@4.52.5 OK for: rollup@4.52.5 want: 4.52.5
490 silly placeDep ROOT @rollup/rollup-darwin-arm64@4.52.5 OK for: rollup@4.52.5 want: 4.52.5
491 silly placeDep ROOT @rollup/rollup-darwin-x64@4.52.5 OK for: rollup@4.52.5 want: 4.52.5
492 silly placeDep ROOT @rollup/rollup-freebsd-arm64@4.52.5 OK for: rollup@4.52.5 want: 4.52.5
493 silly placeDep ROOT @rollup/rollup-freebsd-x64@4.52.5 OK for: rollup@4.52.5 want: 4.52.5
494 silly placeDep ROOT @rollup/rollup-linux-arm-gnueabihf@4.52.5 OK for: rollup@4.52.5 want: 4.52.5
495 silly placeDep ROOT @rollup/rollup-linux-arm-musleabihf@4.52.5 OK for: rollup@4.52.5 want: 4.52.5
496 silly placeDep ROOT @rollup/rollup-linux-arm64-gnu@4.52.5 OK for: rollup@4.52.5 want: 4.52.5
497 silly placeDep ROOT @rollup/rollup-linux-arm64-musl@4.52.5 OK for: rollup@4.52.5 want: 4.52.5
498 silly placeDep ROOT @rollup/rollup-linux-loong64-gnu@4.52.5 OK for: rollup@4.52.5 want: 4.52.5
499 silly placeDep ROOT @rollup/rollup-linux-ppc64-gnu@4.52.5 OK for: rollup@4.52.5 want: 4.52.5
500 silly placeDep ROOT @rollup/rollup-linux-riscv64-gnu@4.52.5 OK for: rollup@4.52.5 want: 4.52.5
501 silly placeDep ROOT @rollup/rollup-linux-riscv64-musl@4.52.5 OK for: rollup@4.52.5 want: 4.52.5
502 silly placeDep ROOT @rollup/rollup-linux-s390x-gnu@4.52.5 OK for: rollup@4.52.5 want: 4.52.5
503 silly placeDep ROOT @rollup/rollup-linux-x64-gnu@4.52.5 OK for: rollup@4.52.5 want: 4.52.5
504 silly placeDep ROOT @rollup/rollup-linux-x64-musl@4.52.5 OK for: rollup@4.52.5 want: 4.52.5
505 silly placeDep ROOT @rollup/rollup-openharmony-arm64@4.52.5 OK for: rollup@4.52.5 want: 4.52.5
506 silly placeDep ROOT @rollup/rollup-win32-arm64-msvc@4.52.5 OK for: rollup@4.52.5 want: 4.52.5
507 silly placeDep ROOT @rollup/rollup-win32-ia32-msvc@4.52.5 OK for: rollup@4.52.5 want: 4.52.5
508 silly placeDep ROOT @rollup/rollup-win32-x64-gnu@4.52.5 OK for: rollup@4.52.5 want: 4.52.5
509 silly placeDep ROOT @rollup/rollup-win32-x64-msvc@4.52.5 OK for: rollup@4.52.5 want: 4.52.5
510 silly placeDep ROOT @types/estree@1.0.8 OK for: rollup@4.52.5 want: 1.0.8
511 timing idealTree:node_modules/rollup Completed in 8ms
512 timing idealTree:node_modules/@rollup/rollup-android-arm-eabi Completed in 0ms
513 timing idealTree:node_modules/@rollup/rollup-android-arm64 Completed in 0ms
514 timing idealTree:node_modules/@rollup/rollup-darwin-arm64 Completed in 0ms
515 timing idealTree:node_modules/@rollup/rollup-darwin-x64 Completed in 0ms
516 timing idealTree:node_modules/@rollup/rollup-freebsd-arm64 Completed in 0ms
517 timing idealTree:node_modules/@rollup/rollup-freebsd-x64 Completed in 0ms
518 timing idealTree:node_modules/@rollup/rollup-linux-arm-gnueabihf Completed in 0ms
519 timing idealTree:node_modules/@rollup/rollup-linux-arm-musleabihf Completed in 0ms
520 timing idealTree:node_modules/@rollup/rollup-linux-arm64-gnu Completed in 0ms
521 timing idealTree:node_modules/@rollup/rollup-linux-arm64-musl Completed in 0ms
522 timing idealTree:node_modules/@rollup/rollup-linux-loong64-gnu Completed in 0ms
523 timing idealTree:node_modules/@rollup/rollup-linux-ppc64-gnu Completed in 0ms
524 timing idealTree:node_modules/@rollup/rollup-linux-riscv64-gnu Completed in 0ms
525 timing idealTree:node_modules/@rollup/rollup-linux-riscv64-musl Completed in 0ms
526 timing idealTree:node_modules/@rollup/rollup-linux-s390x-gnu Completed in 0ms
527 timing idealTree:node_modules/@rollup/rollup-linux-x64-gnu Completed in 0ms
528 timing idealTree:node_modules/@rollup/rollup-linux-x64-musl Completed in 0ms
529 timing idealTree:node_modules/@rollup/rollup-openharmony-arm64 Completed in 0ms
530 timing idealTree:node_modules/@rollup/rollup-win32-arm64-msvc Completed in 0ms
531 timing idealTree:node_modules/@rollup/rollup-win32-ia32-msvc Completed in 0ms
532 timing idealTree:node_modules/@rollup/rollup-win32-x64-gnu Completed in 0ms
533 timing idealTree:node_modules/@rollup/rollup-win32-x64-msvc Completed in 0ms
534 timing idealTree:node_modules/@types/estree Completed in 0ms
535 timing idealTree:node_modules/source-map-js Completed in 0ms
536 timing idealTree:node_modules/yallist Completed in 0ms
537 timing idealTree:buildDeps Completed in 7182ms
538 timing idealTree:fixDepFlags Completed in 1ms
539 timing idealTree Completed in 7190ms
540 timing reify:loadTrees Completed in 7190ms
541 timing reify:diffTrees Completed in 1ms
542 silly reify moves {}
543 timing reify:retireShallow Completed in 0ms
544 timing reify:createSparse Completed in 6ms
545 timing reify:loadBundles Completed in 0ms
546 verbose reify failed optional dependency /Users/nikkamalabay/Downloads/Laundry Management System/node_modules/@rollup/rollup-win32-x64-msvc
547 silly reify mark deleted [
547 silly reify   '/Users/nikkamalabay/Downloads/Laundry Management System/node_modules/@rollup/rollup-win32-x64-msvc'
547 silly reify ]
548 verbose reify failed optional dependency /Users/nikkamalabay/Downloads/Laundry Management System/node_modules/@rollup/rollup-win32-x64-gnu
549 silly reify mark deleted [
549 silly reify   '/Users/nikkamalabay/Downloads/Laundry Management System/node_modules/@rollup/rollup-win32-x64-gnu'
549 silly reify ]
550 verbose reify failed optional dependency /Users/nikkamalabay/Downloads/Laundry Management System/node_modules/@rollup/rollup-win32-ia32-msvc
551 silly reify mark deleted [
551 silly reify   '/Users/nikkamalabay/Downloads/Laundry Management System/node_modules/@rollup/rollup-win32-ia32-msvc'
551 silly reify ]
552 verbose reify failed optional dependency /Users/nikkamalabay/Downloads/Laundry Management System/node_modules/@rollup/rollup-win32-arm64-msvc
553 silly reify mark deleted [
553 silly reify   '/Users/nikkamalabay/Downloads/Laundry Management System/node_modules/@rollup/rollup-win32-arm64-msvc'
553 silly reify ]
554 verbose reify failed optional dependency /Users/nikkamalabay/Downloads/Laundry Management System/node_modules/@rollup/rollup-openharmony-arm64
555 silly reify mark deleted [
555 silly reify   '/Users/nikkamalabay/Downloads/Laundry Management System/node_modules/@rollup/rollup-openharmony-arm64'
555 silly reify ]
556 verbose reify failed optional dependency /Users/nikkamalabay/Downloads/Laundry Management System/node_modules/@rollup/rollup-linux-x64-musl
557 silly reify mark deleted [
557 silly reify   '/Users/nikkamalabay/Downloads/Laundry Management System/node_modules/@rollup/rollup-linux-x64-musl'
557 silly reify ]
558 verbose reify failed optional dependency /Users/nikkamalabay/Downloads/Laundry Management System/node_modules/@rollup/rollup-linux-x64-gnu
559 silly reify mark deleted [
559 silly reify   '/Users/nikkamalabay/Downloads/Laundry Management System/node_modules/@rollup/rollup-linux-x64-gnu'
559 silly reify ]
560 verbose reify failed optional dependency /Users/nikkamalabay/Downloads/Laundry Management System/node_modules/@rollup/rollup-linux-s390x-gnu
561 silly reify mark deleted [
561 silly reify   '/Users/nikkamalabay/Downloads/Laundry Management System/node_modules/@rollup/rollup-linux-s390x-gnu'
561 silly reify ]
562 verbose reify failed optional dependency /Users/nikkamalabay/Downloads/Laundry Management System/node_modules/@rollup/rollup-linux-riscv64-musl
563 silly reify mark deleted [
563 silly reify   '/Users/nikkamalabay/Downloads/Laundry Management System/node_modules/@rollup/rollup-linux-riscv64-musl'
563 silly reify ]
564 verbose reify failed optional dependency /Users/nikkamalabay/Downloads/Laundry Management System/node_modules/@rollup/rollup-linux-riscv64-gnu
565 silly reify mark deleted [
565 silly reify   '/Users/nikkamalabay/Downloads/Laundry Management System/node_modules/@rollup/rollup-linux-riscv64-gnu'
565 silly reify ]
566 verbose reify failed optional dependency /Users/nikkamalabay/Downloads/Laundry Management System/node_modules/@rollup/rollup-linux-ppc64-gnu
567 silly reify mark deleted [
567 silly reify   '/Users/nikkamalabay/Downloads/Laundry Management System/node_modules/@rollup/rollup-linux-ppc64-gnu'
567 silly reify ]
568 verbose reify failed optional dependency /Users/nikkamalabay/Downloads/Laundry Management System/node_modules/@rollup/rollup-linux-loong64-gnu
569 silly reify mark deleted [
569 silly reify   '/Users/nikkamalabay/Downloads/Laundry Management System/node_modules/@rollup/rollup-linux-loong64-gnu'
569 silly reify ]
570 verbose reify failed optional dependency /Users/nikkamalabay/Downloads/Laundry Management System/node_modules/@rollup/rollup-linux-arm64-musl
571 silly reify mark deleted [
571 silly reify   '/Users/nikkamalabay/Downloads/Laundry Management System/node_modules/@rollup/rollup-linux-arm64-musl'
571 silly reify ]
572 verbose reify failed optional dependency /Users/nikkamalabay/Downloads/Laundry Management System/node_modules/@rollup/rollup-linux-arm64-gnu
573 silly reify mark deleted [
573 silly reify   '/Users/nikkamalabay/Downloads/Laundry Management System/node_modules/@rollup/rollup-linux-arm64-gnu'
573 silly reify ]
574 verbose reify failed optional dependency /Users/nikkamalabay/Downloads/Laundry Management System/node_modules/@rollup/rollup-linux-arm-musleabihf
575 silly reify mark deleted [
575 silly reify   '/Users/nikkamalabay/Downloads/Laundry Management System/node_modules/@rollup/rollup-linux-arm-musleabihf'
575 silly reify ]
576 verbose reify failed optional dependency /Users/nikkamalabay/Downloads/Laundry Management System/node_modules/@rollup/rollup-linux-arm-gnueabihf
577 silly reify mark deleted [
577 silly reify   '/Users/nikkamalabay/Downloads/Laundry Management System/node_modules/@rollup/rollup-linux-arm-gnueabihf'
577 silly reify ]
578 verbose reify failed optional dependency /Users/nikkamalabay/Downloads/Laundry Management System/node_modules/@rollup/rollup-freebsd-x64
579 silly reify mark deleted [
579 silly reify   '/Users/nikkamalabay/Downloads/Laundry Management System/node_modules/@rollup/rollup-freebsd-x64'
579 silly reify ]
580 verbose reify failed optional dependency /Users/nikkamalabay/Downloads/Laundry Management System/node_modules/@rollup/rollup-freebsd-arm64
581 silly reify mark deleted [
581 silly reify   '/Users/nikkamalabay/Downloads/Laundry Management System/node_modules/@rollup/rollup-freebsd-arm64'
581 silly reify ]
582 verbose reify failed optional dependency /Users/nikkamalabay/Downloads/Laundry Management System/node_modules/@rollup/rollup-darwin-x64
583 silly reify mark deleted [
583 silly reify   '/Users/nikkamalabay/Downloads/Laundry Management System/node_modules/@rollup/rollup-darwin-x64'
583 silly reify ]
584 verbose reify failed optional dependency /Users/nikkamalabay/Downloads/Laundry Management System/node_modules/@rollup/rollup-android-arm64
585 silly reify mark deleted [
585 silly reify   '/Users/nikkamalabay/Downloads/Laundry Management System/node_modules/@rollup/rollup-android-arm64'
585 silly reify ]
586 verbose reify failed optional dependency /Users/nikkamalabay/Downloads/Laundry Management System/node_modules/@rollup/rollup-android-arm-eabi
587 silly reify mark deleted [
587 silly reify   '/Users/nikkamalabay/Downloads/Laundry Management System/node_modules/@rollup/rollup-android-arm-eabi'
587 silly reify ]
588 verbose reify failed optional dependency /Users/nikkamalabay/Downloads/Laundry Management System/node_modules/@esbuild/win32-x64
589 silly reify mark deleted [
589 silly reify   '/Users/nikkamalabay/Downloads/Laundry Management System/node_modules/@esbuild/win32-x64'
589 silly reify ]
590 verbose reify failed optional dependency /Users/nikkamalabay/Downloads/Laundry Management System/node_modules/@esbuild/win32-ia32
591 silly reify mark deleted [
591 silly reify   '/Users/nikkamalabay/Downloads/Laundry Management System/node_modules/@esbuild/win32-ia32'
591 silly reify ]
592 verbose reify failed optional dependency /Users/nikkamalabay/Downloads/Laundry Management System/node_modules/@esbuild/win32-arm64
593 silly reify mark deleted [
593 silly reify   '/Users/nikkamalabay/Downloads/Laundry Management System/node_modules/@esbuild/win32-arm64'
593 silly reify ]
594 verbose reify failed optional dependency /Users/nikkamalabay/Downloads/Laundry Management System/node_modules/@esbuild/sunos-x64
595 silly reify mark deleted [
595 silly reify   '/Users/nikkamalabay/Downloads/Laundry Management System/node_modules/@esbuild/sunos-x64'
595 silly reify ]
596 verbose reify failed optional dependency /Users/nikkamalabay/Downloads/Laundry Management System/node_modules/@esbuild/openbsd-x64
597 silly reify mark deleted [
597 silly reify   '/Users/nikkamalabay/Downloads/Laundry Management System/node_modules/@esbuild/openbsd-x64'
597 silly reify ]
598 verbose reify failed optional dependency /Users/nikkamalabay/Downloads/Laundry Management System/node_modules/@esbuild/netbsd-x64
599 silly reify mark deleted [
599 silly reify   '/Users/nikkamalabay/Downloads/Laundry Management System/node_modules/@esbuild/netbsd-x64'
599 silly reify ]
600 verbose reify failed optional dependency /Users/nikkamalabay/Downloads/Laundry Management System/node_modules/@esbuild/linux-x64
601 silly reify mark deleted [
601 silly reify   '/Users/nikkamalabay/Downloads/Laundry Management System/node_modules/@esbuild/linux-x64'
601 silly reify ]
602 verbose reify failed optional dependency /Users/nikkamalabay/Downloads/Laundry Management System/node_modules/@esbuild/linux-s390x
603 silly reify mark deleted [
603 silly reify   '/Users/nikkamalabay/Downloads/Laundry Management System/node_modules/@esbuild/linux-s390x'
603 silly reify ]
604 verbose reify failed optional dependency /Users/nikkamalabay/Downloads/Laundry Management System/node_modules/@esbuild/linux-riscv64
605 silly reify mark deleted [
605 silly reify   '/Users/nikkamalabay/Downloads/Laundry Management System/node_modules/@esbuild/linux-riscv64'
605 silly reify ]
606 verbose reify failed optional dependency /Users/nikkamalabay/Downloads/Laundry Management System/node_modules/@esbuild/linux-ppc64
607 silly reify mark deleted [
607 silly reify   '/Users/nikkamalabay/Downloads/Laundry Management System/node_modules/@esbuild/linux-ppc64'
607 silly reify ]
608 verbose reify failed optional dependency /Users/nikkamalabay/Downloads/Laundry Management System/node_modules/@esbuild/linux-mips64el
609 silly reify mark deleted [
609 silly reify   '/Users/nikkamalabay/Downloads/Laundry Management System/node_modules/@esbuild/linux-mips64el'
609 silly reify ]
610 verbose reify failed optional dependency /Users/nikkamalabay/Downloads/Laundry Management System/node_modules/@esbuild/linux-loong64
611 silly reify mark deleted [
611 silly reify   '/Users/nikkamalabay/Downloads/Laundry Management System/node_modules/@esbuild/linux-loong64'
611 silly reify ]
612 verbose reify failed optional dependency /Users/nikkamalabay/Downloads/Laundry Management System/node_modules/@esbuild/linux-ia32
613 silly reify mark deleted [
613 silly reify   '/Users/nikkamalabay/Downloads/Laundry Management System/node_modules/@esbuild/linux-ia32'
613 silly reify ]
614 verbose reify failed optional dependency /Users/nikkamalabay/Downloads/Laundry Management System/node_modules/@esbuild/linux-arm64
615 silly reify mark deleted [
615 silly reify   '/Users/nikkamalabay/Downloads/Laundry Management System/node_modules/@esbuild/linux-arm64'
615 silly reify ]
616 verbose reify failed optional dependency /Users/nikkamalabay/Downloads/Laundry Management System/node_modules/@esbuild/linux-arm
617 silly reify mark deleted [
617 silly reify   '/Users/nikkamalabay/Downloads/Laundry Management System/node_modules/@esbuild/linux-arm'
617 silly reify ]
618 verbose reify failed optional dependency /Users/nikkamalabay/Downloads/Laundry Management System/node_modules/@esbuild/freebsd-x64
619 silly reify mark deleted [
619 silly reify   '/Users/nikkamalabay/Downloads/Laundry Management System/node_modules/@esbuild/freebsd-x64'
619 silly reify ]
620 verbose reify failed optional dependency /Users/nikkamalabay/Downloads/Laundry Management System/node_modules/@esbuild/freebsd-arm64
621 silly reify mark deleted [
621 silly reify   '/Users/nikkamalabay/Downloads/Laundry Management System/node_modules/@esbuild/freebsd-arm64'
621 silly reify ]
622 verbose reify failed optional dependency /Users/nikkamalabay/Downloads/Laundry Management System/node_modules/@esbuild/darwin-x64
623 silly reify mark deleted [
623 silly reify   '/Users/nikkamalabay/Downloads/Laundry Management System/node_modules/@esbuild/darwin-x64'
623 silly reify ]
624 verbose reify failed optional dependency /Users/nikkamalabay/Downloads/Laundry Management System/node_modules/@esbuild/android-x64
625 silly reify mark deleted [
625 silly reify   '/Users/nikkamalabay/Downloads/Laundry Management System/node_modules/@esbuild/android-x64'
625 silly reify ]
626 verbose reify failed optional dependency /Users/nikkamalabay/Downloads/Laundry Management System/node_modules/@esbuild/android-arm64
627 silly reify mark deleted [
627 silly reify   '/Users/nikkamalabay/Downloads/Laundry Management System/node_modules/@esbuild/android-arm64'
627 silly reify ]
628 verbose reify failed optional dependency /Users/nikkamalabay/Downloads/Laundry Management System/node_modules/@esbuild/android-arm
629 silly reify mark deleted [
629 silly reify   '/Users/nikkamalabay/Downloads/Laundry Management System/node_modules/@esbuild/android-arm'
629 silly reify ]
630 verbose reify failed optional dependency /Users/nikkamalabay/Downloads/Laundry Management System/node_modules/@esbuild/aix-ppc64
631 silly reify mark deleted [
631 silly reify   '/Users/nikkamalabay/Downloads/Laundry Management System/node_modules/@esbuild/aix-ppc64'
631 silly reify ]
632 timing reifyNode:node_modules/@rollup/rollup-win32-x64-msvc Completed in 10ms
633 timing reifyNode:node_modules/@rollup/rollup-win32-x64-gnu Completed in 10ms
634 timing reifyNode:node_modules/@rollup/rollup-win32-ia32-msvc Completed in 10ms
635 timing reifyNode:node_modules/@rollup/rollup-win32-arm64-msvc Completed in 10ms
636 timing reifyNode:node_modules/@rollup/rollup-openharmony-arm64 Completed in 11ms
637 timing reifyNode:node_modules/@rollup/rollup-linux-x64-musl Completed in 11ms
638 timing reifyNode:node_modules/@rollup/rollup-linux-x64-gnu Completed in 11ms
639 timing reifyNode:node_modules/@rollup/rollup-linux-s390x-gnu Completed in 11ms
640 timing reifyNode:node_modules/@rollup/rollup-linux-riscv64-musl Completed in 11ms
641 timing reifyNode:node_modules/@rollup/rollup-linux-riscv64-gnu Completed in 11ms
642 timing reifyNode:node_modules/@rollup/rollup-linux-ppc64-gnu Completed in 11ms
643 timing reifyNode:node_modules/@rollup/rollup-linux-loong64-gnu Completed in 11ms
644 timing reifyNode:node_modules/@rollup/rollup-linux-arm64-musl Completed in 11ms
645 timing reifyNode:node_modules/@rollup/rollup-linux-arm64-gnu Completed in 10ms
646 timing reifyNode:node_modules/@rollup/rollup-linux-arm-musleabihf Completed in 10ms
647 timing reifyNode:node_modules/@rollup/rollup-linux-arm-gnueabihf Completed in 10ms
648 timing reifyNode:node_modules/@rollup/rollup-freebsd-x64 Completed in 10ms
649 timing reifyNode:node_modules/@rollup/rollup-freebsd-arm64 Completed in 10ms
650 timing reifyNode:node_modules/@rollup/rollup-darwin-x64 Completed in 10ms
651 timing reifyNode:node_modules/@rollup/rollup-android-arm64 Completed in 10ms
652 timing reifyNode:node_modules/@rollup/rollup-android-arm-eabi Completed in 10ms
653 timing reifyNode:node_modules/@esbuild/win32-x64 Completed in 10ms
654 timing reifyNode:node_modules/@esbuild/win32-ia32 Completed in 10ms
655 timing reifyNode:node_modules/@esbuild/win32-arm64 Completed in 10ms
656 timing reifyNode:node_modules/@esbuild/sunos-x64 Completed in 10ms
657 timing reifyNode:node_modules/@esbuild/openbsd-x64 Completed in 10ms
658 timing reifyNode:node_modules/@esbuild/netbsd-x64 Completed in 10ms
659 timing reifyNode:node_modules/@esbuild/linux-x64 Completed in 10ms
660 timing reifyNode:node_modules/@esbuild/linux-s390x Completed in 10ms
661 timing reifyNode:node_modules/@esbuild/linux-riscv64 Completed in 10ms
662 timing reifyNode:node_modules/@esbuild/linux-ppc64 Completed in 10ms
663 timing reifyNode:node_modules/@esbuild/linux-mips64el Completed in 10ms
664 timing reifyNode:node_modules/@esbuild/linux-loong64 Completed in 10ms
665 timing reifyNode:node_modules/@esbuild/linux-ia32 Completed in 10ms
666 timing reifyNode:node_modules/@esbuild/linux-arm64 Completed in 10ms
667 timing reifyNode:node_modules/@esbuild/linux-arm Completed in 10ms
668 timing reifyNode:node_modules/@esbuild/freebsd-x64 Completed in 10ms
669 timing reifyNode:node_modules/@esbuild/freebsd-arm64 Completed in 10ms
670 timing reifyNode:node_modules/@esbuild/darwin-x64 Completed in 10ms
671 timing reifyNode:node_modules/@esbuild/android-x64 Completed in 10ms
672 timing reifyNode:node_modules/@esbuild/android-arm64 Completed in 10ms
673 timing reifyNode:node_modules/@esbuild/android-arm Completed in 10ms
674 timing reifyNode:node_modules/@esbuild/aix-ppc64 Completed in 10ms
675 silly tarball no local data for @types/estree@https://registry.npmjs.org/@types/estree/-/estree-1.0.8.tgz. Extracting by manifest.
676 silly tarball no local data for @esbuild/darwin-arm64@https://registry.npmjs.org/@esbuild/darwin-arm64/-/darwin-arm64-0.21.5.tgz. Extracting by manifest.
677 silly tarball no local data for source-map-js@https://registry.npmjs.org/source-map-js/-/source-map-js-1.2.1.tgz. Extracting by manifest.
678 silly tarball no local data for postcss@https://registry.npmjs.org/postcss/-/postcss-8.5.6.tgz. Extracting by manifest.
679 silly tarball no local data for nanoid@https://registry.npmjs.org/nanoid/-/nanoid-3.3.11.tgz. Extracting by manifest.
680 silly tarball no local data for rollup@https://registry.npmjs.org/rollup/-/rollup-4.52.5.tgz. Extracting by manifest.
681 silly tarball no local data for esbuild@https://registry.npmjs.org/esbuild/-/esbuild-0.21.5.tgz. Extracting by manifest.
682 silly tarball no local data for escalade@https://registry.npmjs.org/escalade/-/escalade-3.2.0.tgz. Extracting by manifest.
683 silly tarball no local data for @remix-run/router@https://registry.npmjs.org/@remix-run/router/-/router-1.23.0.tgz. Extracting by manifest.
684 silly tarball no local data for react-router@https://registry.npmjs.org/react-router/-/react-router-6.30.1.tgz. Extracting by manifest.
685 silly tarball no local data for fsevents@https://registry.npmjs.org/fsevents/-/fsevents-2.3.3.tgz. Extracting by manifest.
686 silly tarball no local data for loose-envify@https://registry.npmjs.org/loose-envify/-/loose-envify-1.4.0.tgz. Extracting by manifest.
687 silly tarball no local data for yallist@https://registry.npmjs.org/yallist/-/yallist-3.1.1.tgz. Extracting by manifest.
688 silly tarball no local data for ms@https://registry.npmjs.org/ms/-/ms-2.1.3.tgz. Extracting by manifest.
689 silly tarball no local data for node-releases@https://registry.npmjs.org/node-releases/-/node-releases-2.0.27.tgz. Extracting by manifest.
690 silly tarball no local data for update-browserslist-db@https://registry.npmjs.org/update-browserslist-db/-/update-browserslist-db-1.1.4.tgz. Extracting by manifest.
691 silly tarball no local data for electron-to-chromium@https://registry.npmjs.org/electron-to-chromium/-/electron-to-chromium-1.5.244.tgz. Extracting by manifest.
692 silly tarball no local data for caniuse-lite@https://registry.npmjs.org/caniuse-lite/-/caniuse-lite-1.0.30001752.tgz. Extracting by manifest.
693 silly tarball no local data for baseline-browser-mapping@https://registry.npmjs.org/baseline-browser-mapping/-/baseline-browser-mapping-2.8.21.tgz. Extracting by manifest.
694 silly tarball no local data for @types/babel__traverse@https://registry.npmjs.org/@types/babel__traverse/-/babel__traverse-7.28.0.tgz. Extracting by manifest.
695 silly tarball no local data for @types/babel__template@https://registry.npmjs.org/@types/babel__template/-/babel__template-7.4.4.tgz. Extracting by manifest.
696 silly tarball no local data for @types/babel__generator@https://registry.npmjs.org/@types/babel__generator/-/babel__generator-7.27.0.tgz. Extracting by manifest.
697 silly tarball no local data for @babel/helper-string-parser@https://registry.npmjs.org/@babel/helper-string-parser/-/helper-string-parser-7.27.1.tgz. Extracting by manifest.
698 silly tarball no local data for @babel/helper-globals@https://registry.npmjs.org/@babel/helper-globals/-/helper-globals-7.28.0.tgz. Extracting by manifest.
699 silly tarball no local data for @jridgewell/sourcemap-codec@https://registry.npmjs.org/@jridgewell/sourcemap-codec/-/sourcemap-codec-1.5.5.tgz. Extracting by manifest.
700 silly tarball no local data for @rollup/rollup-darwin-arm64@https://registry.npmjs.org/@rollup/rollup-darwin-arm64/-/rollup-darwin-arm64-4.52.5.tgz. Extracting by manifest.
701 silly tarball no local data for @babel/helper-plugin-utils@https://registry.npmjs.org/@babel/helper-plugin-utils/-/helper-plugin-utils-7.27.1.tgz. Extracting by manifest.
702 silly tarball no local data for @babel/helper-module-imports@https://registry.npmjs.org/@babel/helper-module-imports/-/helper-module-imports-7.27.1.tgz. Extracting by manifest.
703 silly tarball no local data for browserslist@https://registry.npmjs.org/browserslist/-/browserslist-4.27.0.tgz. Extracting by manifest.
704 silly tarball no local data for @babel/helper-validator-option@https://registry.npmjs.org/@babel/helper-validator-option/-/helper-validator-option-7.27.1.tgz. Extracting by manifest.
705 silly tarball no local data for @babel/compat-data@https://registry.npmjs.org/@babel/compat-data/-/compat-data-7.28.5.tgz. Extracting by manifest.
706 silly tarball no local data for jsesc@https://registry.npmjs.org/jsesc/-/jsesc-3.1.0.tgz. Extracting by manifest.
707 silly tarball no local data for lru-cache@https://registry.npmjs.org/lru-cache/-/lru-cache-5.1.1.tgz. Extracting by manifest.
708 silly tarball no local data for @jridgewell/trace-mapping@https://registry.npmjs.org/@jridgewell/trace-mapping/-/trace-mapping-0.3.31.tgz. Extracting by manifest.
709 silly tarball no local data for @jridgewell/gen-mapping@https://registry.npmjs.org/@jridgewell/gen-mapping/-/gen-mapping-0.3.13.tgz. Extracting by manifest.
710 silly tarball no local data for scheduler@https://registry.npmjs.org/scheduler/-/scheduler-0.23.2.tgz. Extracting by manifest.
711 silly tarball no local data for js-tokens@https://registry.npmjs.org/js-tokens/-/js-tokens-4.0.0.tgz. Extracting by manifest.
712 silly tarball no local data for picocolors@https://registry.npmjs.org/picocolors/-/picocolors-1.1.1.tgz. Extracting by manifest.
713 silly tarball no local data for semver@https://registry.npmjs.org/semver/-/semver-6.3.1.tgz. Extracting by manifest.
714 silly tarball no local data for json5@https://registry.npmjs.org/json5/-/json5-2.2.3.tgz. Extracting by manifest.
715 silly tarball no local data for gensync@https://registry.npmjs.org/gensync/-/gensync-1.0.0-beta.2.tgz. Extracting by manifest.
716 silly tarball no local data for @babel/helper-validator-identifier@https://registry.npmjs.org/@babel/helper-validator-identifier/-/helper-validator-identifier-7.28.5.tgz. Extracting by manifest.
717 silly tarball no local data for debug@https://registry.npmjs.org/debug/-/debug-4.4.3.tgz. Extracting by manifest.
718 silly tarball no local data for convert-source-map@https://registry.npmjs.org/convert-source-map/-/convert-source-map-2.0.0.tgz. Extracting by manifest.
719 silly tarball no local data for @jridgewell/remapping@https://registry.npmjs.org/@jridgewell/remapping/-/remapping-2.3.5.tgz. Extracting by manifest.
720 silly tarball no local data for @babel/types@https://registry.npmjs.org/@babel/types/-/types-7.28.5.tgz. Extracting by manifest.
721 silly tarball no local data for @babel/traverse@https://registry.npmjs.org/@babel/traverse/-/traverse-7.28.5.tgz. Extracting by manifest.
722 silly tarball no local data for @babel/helpers@https://registry.npmjs.org/@babel/helpers/-/helpers-7.28.4.tgz. Extracting by manifest.
723 silly tarball no local data for @jridgewell/resolve-uri@https://registry.npmjs.org/@jridgewell/resolve-uri/-/resolve-uri-3.1.2.tgz. Extracting by manifest.
724 silly tarball no local data for @babel/parser@https://registry.npmjs.org/@babel/parser/-/parser-7.28.5.tgz. Extracting by manifest.
725 silly tarball no local data for @babel/helper-module-transforms@https://registry.npmjs.org/@babel/helper-module-transforms/-/helper-module-transforms-7.28.3.tgz. Extracting by manifest.
726 silly tarball no local data for @babel/helper-compilation-targets@https://registry.npmjs.org/@babel/helper-compilation-targets/-/helper-compilation-targets-7.27.2.tgz. Extracting by manifest.
727 silly tarball no local data for @babel/generator@https://registry.npmjs.org/@babel/generator/-/generator-7.28.5.tgz. Extracting by manifest.
728 silly tarball no local data for @babel/code-frame@https://registry.npmjs.org/@babel/code-frame/-/code-frame-7.27.1.tgz. Extracting by manifest.
729 silly tarball no local data for react-refresh@https://registry.npmjs.org/react-refresh/-/react-refresh-0.17.0.tgz. Extracting by manifest.
730 silly tarball no local data for @types/babel__core@https://registry.npmjs.org/@types/babel__core/-/babel__core-7.20.5.tgz. Extracting by manifest.
731 silly tarball no local data for @babel/template@https://registry.npmjs.org/@babel/template/-/template-7.27.2.tgz. Extracting by manifest.
732 silly tarball no local data for @rolldown/pluginutils@https://registry.npmjs.org/@rolldown/pluginutils/-/pluginutils-1.0.0-beta.27.tgz. Extracting by manifest.
733 silly tarball no local data for @babel/plugin-transform-react-jsx-source@https://registry.npmjs.org/@babel/plugin-transform-react-jsx-source/-/plugin-transform-react-jsx-source-7.27.1.tgz. Extracting by manifest.
734 silly tarball no local data for @babel/plugin-transform-react-jsx-self@https://registry.npmjs.org/@babel/plugin-transform-react-jsx-self/-/plugin-transform-react-jsx-self-7.27.1.tgz. Extracting by manifest.
735 silly tarball no local data for @types/prop-types@https://registry.npmjs.org/@types/prop-types/-/prop-types-15.7.15.tgz. Extracting by manifest.
736 silly tarball no local data for csstype@https://registry.npmjs.org/csstype/-/csstype-3.1.3.tgz. Extracting by manifest.
737 silly tarball no local data for undici-types@https://registry.npmjs.org/undici-types/-/undici-types-6.21.0.tgz. Extracting by manifest.
738 silly tarball no local data for typescript@https://registry.npmjs.org/typescript/-/typescript-5.9.3.tgz. Extracting by manifest.
739 silly tarball no local data for react-router-dom@https://registry.npmjs.org/react-router-dom/-/react-router-dom-6.30.1.tgz. Extracting by manifest.
740 silly tarball no local data for react@https://registry.npmjs.org/react/-/react-18.3.1.tgz. Extracting by manifest.
741 silly tarball no local data for vite@https://registry.npmjs.org/vite/-/vite-5.4.21.tgz. Extracting by manifest.
742 silly tarball no local data for @vitejs/plugin-react@https://registry.npmjs.org/@vitejs/plugin-react/-/plugin-react-4.7.0.tgz. Extracting by manifest.
743 silly tarball no local data for @types/react-dom@https://registry.npmjs.org/@types/react-dom/-/react-dom-18.3.7.tgz. Extracting by manifest.
744 silly tarball no local data for @babel/core@https://registry.npmjs.org/@babel/core/-/core-7.28.5.tgz. Extracting by manifest.
745 silly tarball no local data for @types/react@https://registry.npmjs.org/@types/react/-/react-18.3.26.tgz. Extracting by manifest.
746 silly tarball no local data for @types/node@https://registry.npmjs.org/@types/node/-/node-22.18.13.tgz. Extracting by manifest.
747 silly tarball no local data for react-dom@https://registry.npmjs.org/react-dom/-/react-dom-18.3.1.tgz. Extracting by manifest.
748 http fetch GET 200 https://registry.npmjs.org/nanoid/-/nanoid-3.3.11.tgz 120ms (cache miss)
749 http fetch GET 200 https://registry.npmjs.org/ms/-/ms-2.1.3.tgz 118ms (cache miss)
750 timing reifyNode:node_modules/ms Completed in 139ms
751 http fetch GET 200 https://registry.npmjs.org/yallist/-/yallist-3.1.1.tgz 126ms (cache miss)
752 timing reifyNode:node_modules/yallist Completed in 146ms
753 timing reifyNode:node_modules/nanoid Completed in 155ms
754 http fetch GET 200 https://registry.npmjs.org/escalade/-/escalade-3.2.0.tgz 138ms (cache miss)
755 timing reifyNode:node_modules/escalade Completed in 157ms
756 http fetch GET 200 https://registry.npmjs.org/loose-envify/-/loose-envify-1.4.0.tgz 140ms (cache miss)
757 timing reifyNode:node_modules/loose-envify Completed in 159ms
758 http fetch GET 200 https://registry.npmjs.org/fsevents/-/fsevents-2.3.3.tgz 141ms (cache miss)
759 timing reifyNode:node_modules/fsevents Completed in 160ms
760 http fetch GET 200 https://registry.npmjs.org/node-releases/-/node-releases-2.0.27.tgz 142ms (cache miss)
761 timing reifyNode:node_modules/node-releases Completed in 162ms
762 http fetch GET 200 https://registry.npmjs.org/postcss/-/postcss-8.5.6.tgz 163ms (cache miss)
763 timing reifyNode:node_modules/postcss Completed in 181ms
764 http fetch GET 200 https://registry.npmjs.org/source-map-js/-/source-map-js-1.2.1.tgz 177ms (cache miss)
765 timing reifyNode:node_modules/source-map-js Completed in 194ms
766 http fetch GET 200 https://registry.npmjs.org/esbuild/-/esbuild-0.21.5.tgz 179ms (cache miss)
767 timing reifyNode:node_modules/esbuild Completed in 198ms
768 http fetch GET 200 https://registry.npmjs.org/react-router/-/react-router-6.30.1.tgz 181ms (cache miss)
769 timing reifyNode:node_modules/react-router Completed in 200ms
770 http fetch GET 200 https://registry.npmjs.org/@types/estree/-/estree-1.0.8.tgz 241ms (cache miss)
771 timing reifyNode:node_modules/@types/estree Completed in 258ms
772 http fetch GET 200 https://registry.npmjs.org/update-browserslist-db/-/update-browserslist-db-1.1.4.tgz 249ms (cache miss)
773 timing reifyNode:node_modules/update-browserslist-db Completed in 269ms
774 http fetch GET 200 https://registry.npmjs.org/electron-to-chromium/-/electron-to-chromium-1.5.244.tgz 253ms (cache miss)
775 http fetch GET 200 https://registry.npmjs.org/rollup/-/rollup-4.52.5.tgz 255ms (cache miss)
776 timing reifyNode:node_modules/rollup Completed in 273ms
777 timing reifyNode:node_modules/electron-to-chromium Completed in 274ms
778 http fetch GET 200 https://registry.npmjs.org/baseline-browser-mapping/-/baseline-browser-mapping-2.8.21.tgz 253ms (cache miss)
779 timing reifyNode:node_modules/baseline-browser-mapping Completed in 274ms
780 http fetch GET 200 https://registry.npmjs.org/@types/babel__template/-/babel__template-7.4.4.tgz 289ms (cache miss)
781 timing reifyNode:node_modules/@types/babel__template Completed in 310ms
782 http fetch GET 200 https://registry.npmjs.org/@types/babel__generator/-/babel__generator-7.27.0.tgz 294ms (cache miss)
783 timing reifyNode:node_modules/@types/babel__generator Completed in 316ms
784 http fetch GET 200 https://registry.npmjs.org/@babel/helper-string-parser/-/helper-string-parser-7.27.1.tgz 295ms (cache miss)
785 timing reifyNode:node_modules/@babel/helper-string-parser Completed in 317ms
786 http fetch GET 200 https://registry.npmjs.org/@types/babel__traverse/-/babel__traverse-7.28.0.tgz 301ms (cache miss)
787 timing reifyNode:node_modules/@types/babel__traverse Completed in 322ms
788 http fetch GET 200 https://registry.npmjs.org/@babel/helper-globals/-/helper-globals-7.28.0.tgz 307ms (cache miss)
789 timing reifyNode:node_modules/@babel/helper-globals Completed in 330ms
790 http fetch GET 200 https://registry.npmjs.org/@jridgewell/sourcemap-codec/-/sourcemap-codec-1.5.5.tgz 334ms (cache miss)
791 timing reifyNode:node_modules/@jridgewell/sourcemap-codec Completed in 356ms
792 http fetch GET 200 https://registry.npmjs.org/@remix-run/router/-/router-1.23.0.tgz 362ms (cache miss)
793 timing reifyNode:node_modules/@remix-run/router Completed in 380ms
794 http fetch GET 200 https://registry.npmjs.org/@babel/helper-module-imports/-/helper-module-imports-7.27.1.tgz 369ms (cache miss)
795 http fetch GET 200 https://registry.npmjs.org/@babel/helper-plugin-utils/-/helper-plugin-utils-7.27.1.tgz 369ms (cache miss)
796 timing reifyNode:node_modules/@babel/helper-plugin-utils Completed in 393ms
797 http fetch GET 200 https://registry.npmjs.org/browserslist/-/browserslist-4.27.0.tgz 370ms (cache miss)
798 timing reifyNode:node_modules/browserslist Completed in 393ms
799 timing reifyNode:node_modules/@babel/helper-module-imports Completed in 394ms
800 http fetch GET 200 https://registry.npmjs.org/@babel/compat-data/-/compat-data-7.28.5.tgz 371ms (cache miss)
801 http fetch GET 200 https://registry.npmjs.org/@babel/helper-validator-option/-/helper-validator-option-7.27.1.tgz 372ms (cache miss)
802 timing reifyNode:node_modules/@babel/helper-validator-option Completed in 396ms
803 timing reifyNode:node_modules/@babel/compat-data Completed in 397ms
804 http fetch GET 200 https://registry.npmjs.org/jsesc/-/jsesc-3.1.0.tgz 381ms (cache miss)
805 timing reifyNode:node_modules/jsesc Completed in 406ms
806 http fetch GET 200 https://registry.npmjs.org/lru-cache/-/lru-cache-5.1.1.tgz 400ms (cache miss)
807 timing reifyNode:node_modules/lru-cache Completed in 425ms
808 http fetch GET 200 https://registry.npmjs.org/scheduler/-/scheduler-0.23.2.tgz 399ms (cache miss)
809 timing reifyNode:node_modules/scheduler Completed in 427ms
810 http fetch GET 200 https://registry.npmjs.org/js-tokens/-/js-tokens-4.0.0.tgz 401ms (cache miss)
811 timing reifyNode:node_modules/js-tokens Completed in 427ms
812 http fetch GET 200 https://registry.npmjs.org/caniuse-lite/-/caniuse-lite-1.0.30001752.tgz 408ms (cache miss)
813 timing reifyNode:node_modules/caniuse-lite Completed in 429ms
814 http fetch GET 200 https://registry.npmjs.org/@jridgewell/gen-mapping/-/gen-mapping-0.3.13.tgz 425ms (cache miss)
815 timing reifyNode:node_modules/@jridgewell/gen-mapping Completed in 451ms
816 http fetch GET 200 https://registry.npmjs.org/@jridgewell/trace-mapping/-/trace-mapping-0.3.31.tgz 431ms (cache miss)
817 timing reifyNode:node_modules/@jridgewell/trace-mapping Completed in 457ms
818 http fetch GET 200 https://registry.npmjs.org/semver/-/semver-6.3.1.tgz 441ms (cache miss)
819 timing reifyNode:node_modules/semver Completed in 468ms
820 http fetch GET 200 https://registry.npmjs.org/gensync/-/gensync-1.0.0-beta.2.tgz 452ms (cache miss)
821 timing reifyNode:node_modules/gensync Completed in 479ms
822 http fetch GET 200 https://registry.npmjs.org/convert-source-map/-/convert-source-map-2.0.0.tgz 463ms (cache miss)
823 timing reifyNode:node_modules/convert-source-map Completed in 493ms
824 http fetch GET 200 https://registry.npmjs.org/debug/-/debug-4.4.3.tgz 480ms (cache miss)
825 timing reifyNode:node_modules/debug Completed in 510ms
826 http fetch GET 200 https://registry.npmjs.org/json5/-/json5-2.2.3.tgz 486ms (cache miss)
827 timing reifyNode:node_modules/json5 Completed in 513ms
828 http fetch GET 200 https://registry.npmjs.org/@babel/helper-validator-identifier/-/helper-validator-identifier-7.28.5.tgz 489ms (cache miss)
829 timing reifyNode:node_modules/@babel/helper-validator-identifier Completed in 519ms
830 http fetch GET 200 https://registry.npmjs.org/picocolors/-/picocolors-1.1.1.tgz 494ms (cache miss)
831 timing reifyNode:node_modules/picocolors Completed in 521ms
832 http fetch GET 200 https://registry.npmjs.org/@babel/types/-/types-7.28.5.tgz 597ms (cache miss)
833 timing reifyNode:node_modules/@babel/types Completed in 627ms
834 http fetch GET 200 https://registry.npmjs.org/@babel/traverse/-/traverse-7.28.5.tgz 634ms (cache miss)
835 timing reifyNode:node_modules/@babel/traverse Completed in 664ms
836 http fetch GET 200 https://registry.npmjs.org/@jridgewell/resolve-uri/-/resolve-uri-3.1.2.tgz 633ms (cache miss)
837 timing reifyNode:node_modules/@jridgewell/resolve-uri Completed in 664ms
838 http fetch GET 200 https://registry.npmjs.org/@jridgewell/remapping/-/remapping-2.3.5.tgz 641ms (cache miss)
839 timing reifyNode:node_modules/@jridgewell/remapping Completed in 671ms
840 http fetch GET 200 https://registry.npmjs.org/@babel/helpers/-/helpers-7.28.4.tgz 649ms (cache miss)
841 timing reifyNode:node_modules/@babel/helpers Completed in 680ms
842 http fetch GET 200 https://registry.npmjs.org/@babel/helper-module-transforms/-/helper-module-transforms-7.28.3.tgz 678ms (cache miss)
843 timing reifyNode:node_modules/@babel/helper-module-transforms Completed in 710ms
844 http fetch GET 200 https://registry.npmjs.org/react-refresh/-/react-refresh-0.17.0.tgz 694ms (cache miss)
845 timing reifyNode:node_modules/react-refresh Completed in 725ms
846 http fetch GET 200 https://registry.npmjs.org/@babel/code-frame/-/code-frame-7.27.1.tgz 702ms (cache miss)
847 timing reifyNode:node_modules/@babel/code-frame Completed in 734ms
848 http fetch GET 200 https://registry.npmjs.org/@types/babel__core/-/babel__core-7.20.5.tgz 705ms (cache miss)
849 timing reifyNode:node_modules/@types/babel__core Completed in 736ms
850 http fetch GET 200 https://registry.npmjs.org/@babel/template/-/template-7.27.2.tgz 732ms (cache miss)
851 timing reifyNode:node_modules/@babel/template Completed in 765ms
852 http fetch GET 200 https://registry.npmjs.org/@babel/plugin-transform-react-jsx-source/-/plugin-transform-react-jsx-source-7.27.1.tgz 776ms (cache miss)
853 timing reifyNode:node_modules/@babel/plugin-transform-react-jsx-source Completed in 808ms
854 http fetch GET 200 https://registry.npmjs.org/@babel/plugin-transform-react-jsx-self/-/plugin-transform-react-jsx-self-7.27.1.tgz 782ms (cache miss)
855 timing reifyNode:node_modules/@babel/plugin-transform-react-jsx-self Completed in 814ms
856 http fetch GET 200 https://registry.npmjs.org/@types/prop-types/-/prop-types-15.7.15.tgz 781ms (cache miss)
857 timing reifyNode:node_modules/@types/prop-types Completed in 814ms
858 http fetch GET 200 https://registry.npmjs.org/@rolldown/pluginutils/-/pluginutils-1.0.0-beta.27.tgz 782ms (cache miss)
859 timing reifyNode:node_modules/@rolldown/pluginutils Completed in 814ms
860 http fetch GET 200 https://registry.npmjs.org/csstype/-/csstype-3.1.3.tgz 796ms (cache miss)
861 timing reifyNode:node_modules/csstype Completed in 830ms
862 http fetch GET 200 https://registry.npmjs.org/undici-types/-/undici-types-6.21.0.tgz 829ms (cache miss)
863 timing reifyNode:node_modules/undici-types Completed in 862ms
864 http fetch GET 200 https://registry.npmjs.org/react/-/react-18.3.1.tgz 827ms (cache miss)
865 timing reifyNode:node_modules/react Completed in 864ms
866 http fetch GET 200 https://registry.npmjs.org/@esbuild/darwin-arm64/-/darwin-arm64-0.21.5.tgz 856ms (cache miss)
867 timing reifyNode:node_modules/@esbuild/darwin-arm64 Completed in 873ms
868 http fetch GET 200 https://registry.npmjs.org/react-router-dom/-/react-router-dom-6.30.1.tgz 866ms (cache miss)
869 timing reifyNode:node_modules/react-router-dom Completed in 903ms
870 http fetch GET 200 https://registry.npmjs.org/@babel/parser/-/parser-7.28.5.tgz 907ms (cache miss)
871 timing reifyNode:node_modules/@babel/parser Completed in 938ms
872 http fetch GET 200 https://registry.npmjs.org/@vitejs/plugin-react/-/plugin-react-4.7.0.tgz 1023ms (cache miss)
873 timing reifyNode:node_modules/@vitejs/plugin-react Completed in 1061ms
874 http fetch GET 200 https://registry.npmjs.org/@babel/helper-compilation-targets/-/helper-compilation-targets-7.27.2.tgz 1153ms (cache miss)
875 timing reifyNode:node_modules/@babel/helper-compilation-targets Completed in 1186ms
876 http fetch GET 200 https://registry.npmjs.org/@babel/generator/-/generator-7.28.5.tgz 1165ms (cache miss)
877 timing reifyNode:node_modules/@babel/generator Completed in 1197ms
878 http fetch GET 200 https://registry.npmjs.org/@rollup/rollup-darwin-arm64/-/rollup-darwin-arm64-4.52.5.tgz 1324ms (cache miss)
879 timing reifyNode:node_modules/@rollup/rollup-darwin-arm64 Completed in 1347ms
880 http fetch GET 200 https://registry.npmjs.org/vite/-/vite-5.4.21.tgz 1322ms (cache miss)
881 timing reifyNode:node_modules/vite Completed in 1360ms
882 http fetch GET 200 https://registry.npmjs.org/@babel/core/-/core-7.28.5.tgz 1334ms (cache miss)
883 timing reifyNode:node_modules/@babel/core Completed in 1372ms
884 http fetch GET 200 https://registry.npmjs.org/react-dom/-/react-dom-18.3.1.tgz 1406ms (cache miss)
885 timing reifyNode:node_modules/react-dom Completed in 1444ms
886 http fetch GET 200 https://registry.npmjs.org/typescript/-/typescript-5.9.3.tgz 1557ms (cache miss)
887 timing reifyNode:node_modules/typescript Completed in 1593ms
888 http fetch GET 200 https://registry.npmjs.org/@types/node/-/node-22.18.13.tgz 1566ms (cache miss)
889 timing reifyNode:node_modules/@types/node Completed in 1604ms
890 http fetch GET 200 https://registry.npmjs.org/@types/react-dom/-/react-dom-18.3.7.tgz 1620ms (cache miss)
891 timing reifyNode:node_modules/@types/react-dom Completed in 1657ms
892 http fetch GET 200 https://registry.npmjs.org/@types/react/-/react-18.3.26.tgz 1719ms (cache miss)
893 timing reifyNode:node_modules/@types/react Completed in 1757ms
894 timing reify:unpack Completed in 1759ms
895 timing reify:unretire Completed in 0ms
896 timing build:queue Completed in 2ms
897 timing build:link:node_modules/@babel/parser Completed in 2ms
898 timing build:link:node_modules/jsesc Completed in 2ms
899 timing build:link:node_modules/baseline-browser-mapping Completed in 2ms
900 timing build:link:node_modules/esbuild Completed in 2ms
901 timing build:link:node_modules/nanoid Completed in 2ms
902 timing build:link:node_modules/json5 Completed in 2ms
903 timing build:link:node_modules/rollup Completed in 2ms
904 timing build:link:node_modules/loose-envify Completed in 2ms
905 timing build:link:node_modules/semver Completed in 2ms
906 timing build:link:node_modules/browserslist Completed in 2ms
907 timing build:link:node_modules/update-browserslist-db Completed in 2ms
908 timing build:link:node_modules/typescript Completed in 2ms
909 timing build:link:node_modules/vite Completed in 2ms
910 timing build:link Completed in 2ms
911 info run esbuild@0.21.5 postinstall node_modules/esbuild node install.js
912 info run esbuild@0.21.5 postinstall { code: 0, signal: null }
913 timing build:run:postinstall:node_modules/esbuild Completed in 470ms
914 timing build:run:postinstall Completed in 470ms
915 timing build:deps Completed in 474ms
916 timing build Completed in 475ms
917 timing reify:build Completed in 475ms
918 timing reify:trash Completed in 1ms
919 timing reify:save Completed in 15ms
920 timing reify Completed in 9482ms
921 silly ADD node_modules/@types/estree
922 silly ADD
923 silly ADD
924 silly ADD
925 silly ADD
926 silly ADD
927 silly ADD
928 silly ADD
929 silly ADD
930 silly ADD
931 silly ADD
932 silly ADD
933 silly ADD
934 silly ADD
935 silly ADD
936 silly ADD
937 silly ADD
938 silly ADD
939 silly ADD
940 silly ADD
941 silly ADD node_modules/@rollup/rollup-darwin-arm64
942 silly ADD
943 silly ADD
944 silly ADD node_modules/source-map-js
945 silly ADD node_modules/nanoid
946 silly ADD
947 silly ADD
948 silly ADD
949 silly ADD
950 silly ADD
951 silly ADD
952 silly ADD
953 silly ADD
954 silly ADD
955 silly ADD
956 silly ADD
957 silly ADD
958 silly ADD
959 silly ADD
960 silly ADD
961 silly ADD
962 silly ADD
963 silly ADD
964 silly ADD node_modules/@esbuild/darwin-arm64
965 silly ADD
966 silly ADD
967 silly ADD
968 silly ADD
969 silly ADD node_modules/rollup
970 silly ADD node_modules/postcss
971 silly ADD node_modules/fsevents
972 silly ADD node_modules/esbuild
973 silly ADD node_modules/escalade
974 silly ADD node_modules/react-router
975 silly ADD node_modules/@remix-run/router
976 silly ADD node_modules/scheduler
977 silly ADD node_modules/loose-envify
978 silly ADD node_modules/yallist
979 silly ADD node_modules/ms
980 silly ADD node_modules/update-browserslist-db
981 silly ADD node_modules/node-releases
982 silly ADD node_modules/electron-to-chromium
983 silly ADD node_modules/caniuse-lite
984 silly ADD node_modules/baseline-browser-mapping
985 silly ADD node_modules/@types/babel__traverse
986 silly ADD node_modules/@types/babel__template
987 silly ADD node_modules/@types/babel__generator
988 silly ADD node_modules/@jridgewell/resolve-uri
989 silly ADD node_modules/@jridgewell/sourcemap-codec
990 silly ADD node_modules/@babel/helper-string-parser
991 silly ADD node_modules/@babel/helper-globals
992 silly ADD node_modules/@babel/helper-plugin-utils
993 silly ADD node_modules/@babel/helper-module-imports
994 silly ADD node_modules/lru-cache
995 silly ADD node_modules/browserslist
996 silly ADD node_modules/@babel/helper-validator-option
997 silly ADD node_modules/@babel/compat-data
998 silly ADD node_modules/jsesc
999 silly ADD node_modules/@jridgewell/trace-mapping
1000 silly ADD node_modules/@jridgewell/gen-mapping
1001 silly ADD node_modules/picocolors
1002 silly ADD node_modules/js-tokens
1003 silly ADD node_modules/@babel/helper-validator-identifier
1004 silly ADD node_modules/semver
1005 silly ADD node_modules/json5
1006 silly ADD node_modules/gensync
1007 silly ADD node_modules/debug
1008 silly ADD node_modules/convert-source-map
1009 silly ADD node_modules/@jridgewell/remapping
1010 silly ADD node_modules/@babel/types
1011 silly ADD node_modules/@babel/traverse
1012 silly ADD node_modules/@babel/template
1013 silly ADD node_modules/@babel/parser
1014 silly ADD node_modules/@babel/helpers
1015 silly ADD node_modules/@babel/helper-module-transforms
1016 silly ADD node_modules/@babel/helper-compilation-targets
1017 silly ADD node_modules/@babel/generator
1018 silly ADD node_modules/@babel/code-frame
1019 silly ADD node_modules/react-refresh
1020 silly ADD node_modules/@types/babel__core
1021 silly ADD node_modules/@rolldown/pluginutils
1022 silly ADD node_modules/@babel/plugin-transform-react-jsx-source
1023 silly ADD node_modules/@babel/plugin-transform-react-jsx-self
1024 silly ADD node_modules/@babel/core
1025 silly ADD node_modules/csstype
1026 silly ADD node_modules/@types/prop-types
1027 silly ADD node_modules/undici-types
1028 silly ADD node_modules/typescript
1029 silly ADD node_modules/react-router-dom
1030 silly ADD node_modules/react-dom
1031 silly ADD node_modules/react
1032 silly ADD node_modules/vite
1033 silly ADD node_modules/@vitejs/plugin-react
1034 silly ADD node_modules/@types/react-dom
1035 silly ADD node_modules/@types/react
1036 silly ADD node_modules/@types/node
1037 timing command:install Completed in 9486ms
1038 notice
1038 notice New major version of npm available! 9.8.1 -> 11.6.2
1038 notice Changelog: <https://github.com/npm/cli/releases/tag/v11.6.2>
1038 notice Run `npm install -g npm@11.6.2` to update!
1038 notice
1039 verbose exit 0
1040 timing npm Completed in 9573ms
1041 info ok
